###############################################################################
#
# IAR ELF Linker V8.50.9.278/W32 for ARM                  17/Feb/2023  18:23:44
# Copyright 2007-2020 IAR Systems AB.
#
#    Output file  =
#        C:\Users\User\Documents\STM32_Projects\stm32f070cb_elinkgate\EWARM\STM32F070CB-ELINKGATE\Exe\STM32F070CB-ELINKGATE.out
#    Map file     =
#        C:\Users\User\Documents\STM32_Projects\stm32f070cb_elinkgate\EWARM\STM32F070CB-ELINKGATE\List\STM32F070CB-ELINKGATE.map
#    Command line =
#        -f C:\Users\User\AppData\Local\Temp\EWEACF.tmp
#        (C:\Users\User\Documents\STM32_Projects\stm32f070cb_elinkgate\EWARM\STM32F070CB-ELINKGATE\Obj\elinkswitch_gpio.o
#        C:\Users\User\Documents\STM32_Projects\stm32f070cb_elinkgate\EWARM\STM32F070CB-ELINKGATE\Obj\IS31FL3218.o
#        C:\Users\User\Documents\STM32_Projects\stm32f070cb_elinkgate\EWARM\STM32F070CB-ELINKGATE\Obj\led.o
#        C:\Users\User\Documents\STM32_Projects\stm32f070cb_elinkgate\EWARM\STM32F070CB-ELINKGATE\Obj\lwbtn.o
#        C:\Users\User\Documents\STM32_Projects\stm32f070cb_elinkgate\EWARM\STM32F070CB-ELINKGATE\Obj\main.o
#        C:\Users\User\Documents\STM32_Projects\stm32f070cb_elinkgate\EWARM\STM32F070CB-ELINKGATE\Obj\startup_stm32f070xb.o
#        C:\Users\User\Documents\STM32_Projects\stm32f070cb_elinkgate\EWARM\STM32F070CB-ELINKGATE\Obj\stm32f0xx_hal.o
#        C:\Users\User\Documents\STM32_Projects\stm32f070cb_elinkgate\EWARM\STM32F070CB-ELINKGATE\Obj\stm32f0xx_hal_adc.o
#        C:\Users\User\Documents\STM32_Projects\stm32f070cb_elinkgate\EWARM\STM32F070CB-ELINKGATE\Obj\stm32f0xx_hal_adc_ex.o
#        C:\Users\User\Documents\STM32_Projects\stm32f070cb_elinkgate\EWARM\STM32F070CB-ELINKGATE\Obj\stm32f0xx_hal_cortex.o
#        C:\Users\User\Documents\STM32_Projects\stm32f070cb_elinkgate\EWARM\STM32F070CB-ELINKGATE\Obj\stm32f0xx_hal_dma.o
#        C:\Users\User\Documents\STM32_Projects\stm32f070cb_elinkgate\EWARM\STM32F070CB-ELINKGATE\Obj\stm32f0xx_hal_exti.o
#        C:\Users\User\Documents\STM32_Projects\stm32f070cb_elinkgate\EWARM\STM32F070CB-ELINKGATE\Obj\stm32f0xx_hal_flash.o
#        C:\Users\User\Documents\STM32_Projects\stm32f070cb_elinkgate\EWARM\STM32F070CB-ELINKGATE\Obj\stm32f0xx_hal_flash_ex.o
#        C:\Users\User\Documents\STM32_Projects\stm32f070cb_elinkgate\EWARM\STM32F070CB-ELINKGATE\Obj\stm32f0xx_hal_gpio.o
#        C:\Users\User\Documents\STM32_Projects\stm32f070cb_elinkgate\EWARM\STM32F070CB-ELINKGATE\Obj\stm32f0xx_hal_i2c.o
#        C:\Users\User\Documents\STM32_Projects\stm32f070cb_elinkgate\EWARM\STM32F070CB-ELINKGATE\Obj\stm32f0xx_hal_i2c_ex.o
#        C:\Users\User\Documents\STM32_Projects\stm32f070cb_elinkgate\EWARM\STM32F070CB-ELINKGATE\Obj\stm32f0xx_hal_msp.o
#        C:\Users\User\Documents\STM32_Projects\stm32f070cb_elinkgate\EWARM\STM32F070CB-ELINKGATE\Obj\stm32f0xx_hal_pcd.o
#        C:\Users\User\Documents\STM32_Projects\stm32f070cb_elinkgate\EWARM\STM32F070CB-ELINKGATE\Obj\stm32f0xx_hal_pcd_ex.o
#        C:\Users\User\Documents\STM32_Projects\stm32f070cb_elinkgate\EWARM\STM32F070CB-ELINKGATE\Obj\stm32f0xx_hal_pwr.o
#        C:\Users\User\Documents\STM32_Projects\stm32f070cb_elinkgate\EWARM\STM32F070CB-ELINKGATE\Obj\stm32f0xx_hal_pwr_ex.o
#        C:\Users\User\Documents\STM32_Projects\stm32f070cb_elinkgate\EWARM\STM32F070CB-ELINKGATE\Obj\stm32f0xx_hal_rcc.o
#        C:\Users\User\Documents\STM32_Projects\stm32f070cb_elinkgate\EWARM\STM32F070CB-ELINKGATE\Obj\stm32f0xx_hal_rcc_ex.o
#        C:\Users\User\Documents\STM32_Projects\stm32f070cb_elinkgate\EWARM\STM32F070CB-ELINKGATE\Obj\stm32f0xx_hal_spi.o
#        C:\Users\User\Documents\STM32_Projects\stm32f070cb_elinkgate\EWARM\STM32F070CB-ELINKGATE\Obj\stm32f0xx_hal_spi_ex.o
#        C:\Users\User\Documents\STM32_Projects\stm32f070cb_elinkgate\EWARM\STM32F070CB-ELINKGATE\Obj\stm32f0xx_hal_tim.o
#        C:\Users\User\Documents\STM32_Projects\stm32f070cb_elinkgate\EWARM\STM32F070CB-ELINKGATE\Obj\stm32f0xx_hal_tim_ex.o
#        C:\Users\User\Documents\STM32_Projects\stm32f070cb_elinkgate\EWARM\STM32F070CB-ELINKGATE\Obj\stm32f0xx_hal_uart.o
#        C:\Users\User\Documents\STM32_Projects\stm32f070cb_elinkgate\EWARM\STM32F070CB-ELINKGATE\Obj\stm32f0xx_hal_uart_ex.o
#        C:\Users\User\Documents\STM32_Projects\stm32f070cb_elinkgate\EWARM\STM32F070CB-ELINKGATE\Obj\stm32f0xx_it.o
#        C:\Users\User\Documents\STM32_Projects\stm32f070cb_elinkgate\EWARM\STM32F070CB-ELINKGATE\Obj\stm32f0xx_ll_usb.o
#        C:\Users\User\Documents\STM32_Projects\stm32f070cb_elinkgate\EWARM\STM32F070CB-ELINKGATE\Obj\system_stm32f0xx.o
#        C:\Users\User\Documents\STM32_Projects\stm32f070cb_elinkgate\EWARM\STM32F070CB-ELINKGATE\Obj\usb_device.o
#        C:\Users\User\Documents\STM32_Projects\stm32f070cb_elinkgate\EWARM\STM32F070CB-ELINKGATE\Obj\usb_sw_selector.o
#        C:\Users\User\Documents\STM32_Projects\stm32f070cb_elinkgate\EWARM\STM32F070CB-ELINKGATE\Obj\usbd_conf.o
#        C:\Users\User\Documents\STM32_Projects\stm32f070cb_elinkgate\EWARM\STM32F070CB-ELINKGATE\Obj\usbd_core.o
#        C:\Users\User\Documents\STM32_Projects\stm32f070cb_elinkgate\EWARM\STM32F070CB-ELINKGATE\Obj\usbd_ctlreq.o
#        C:\Users\User\Documents\STM32_Projects\stm32f070cb_elinkgate\EWARM\STM32F070CB-ELINKGATE\Obj\usbd_custom_hid_if.o
#        C:\Users\User\Documents\STM32_Projects\stm32f070cb_elinkgate\EWARM\STM32F070CB-ELINKGATE\Obj\usbd_customhid.o
#        C:\Users\User\Documents\STM32_Projects\stm32f070cb_elinkgate\EWARM\STM32F070CB-ELINKGATE\Obj\usbd_desc.o
#        C:\Users\User\Documents\STM32_Projects\stm32f070cb_elinkgate\EWARM\STM32F070CB-ELINKGATE\Obj\usbd_ioreq.o
#        --no_out_extension -o
#        C:\Users\User\Documents\STM32_Projects\stm32f070cb_elinkgate\EWARM\STM32F070CB-ELINKGATE\Exe\STM32F070CB-ELINKGATE.out
#        --redirect _Printf=_PrintfFullNoMb --redirect _Scanf=_ScanfFullNoMb
#        --map
#        C:\Users\User\Documents\STM32_Projects\stm32f070cb_elinkgate\EWARM\STM32F070CB-ELINKGATE\List\STM32F070CB-ELINKGATE.map
#        --config
#        C:\Users\User\Documents\STM32_Projects\stm32f070cb_elinkgate\EWARM/stm32f070xb_flash.icf
#        --semihosting --entry __iar_program_start --vfe --text_out locale)
#
###############################################################################

*******************************************************************************
*** RUNTIME MODEL ATTRIBUTES
***

CppFlavor       = *
__Heap_Handler  = Basic
__SystemLibrary = DLib
__dlib_version  = 6


*******************************************************************************
*** HEAP SELECTION
***

The basic heap was selected because no calls to memory allocation
functions were found in the application outside of system library
functions, and there are calls to deallocation functions in the
application.


*******************************************************************************
*** PLACEMENT SUMMARY
***

"A0":  place at address 0x800'0000 { ro section .intvec };
"P1":  place in [from 0x800'0000 to 0x801'ffff] { ro };
define block CSTACK with size = 1K, alignment = 8 { };
define block HEAP with size = 512, alignment = 8 { };
"P2":  place in [from 0x2000'0000 to 0x2000'3fff] {
          rw, block CSTACK, block HEAP };
initialize by copy { rw };

  Section            Kind         Address    Size  Object
  -------            ----         -------    ----  ------
"A0":                                        0xc0
  .intvec            ro code   0x800'0000    0xc0  startup_stm32f070xb.o [1]
                             - 0x800'00c0    0xc0

"P1":                                      0x6e8e
  .text              ro code   0x800'00c0  0x1054  xprintffull_nomb.o [2]
  .text              ro code   0x800'1114    0x12  strchr.o [4]
  .text              ro code   0x800'1126    0x7e  lz77_init_single.o [4]
  .text              ro code   0x800'11a4    0x48  xfail_s.o [2]
  .text              ro code   0x800'11ec     0xe  strlen.o [4]
  .rodata            const     0x800'11fa     0x2  xlocale_c.o [2]
  .text              ro code   0x800'11fc    0x16  memchr.o [4]
  .text              ro code   0x800'1212     0x2  startup_stm32f070xb.o [1]
  .text              ro code   0x800'1214    0x4e  ABImemcpy.o [4]
  .text              ro code   0x800'1262    0x32  DblCmpLe.o [3]
  .text              ro code   0x800'1294    0x32  DblCmpGe.o [3]
  .text              ro code   0x800'12c6     0x2  startup_stm32f070xb.o [1]
  .text              ro code   0x800'12c8    0x52  DblToI32.o [3]
  .text              ro code   0x800'131a     0x2  startup_stm32f070xb.o [1]
  .text              ro code   0x800'131c    0x34  IxxToDbl.o [3]
  .text              ro code   0x800'1350   0x1a8  DblAddSub.o [3]
  .text              ro code   0x800'14f8    0x5e  I32DivMod.o [4]
  .text              ro code   0x800'1556    0xc2  DblDiv.o [3]
  .text              ro code   0x800'1618   0x184  DblMul.o [3]
  .text              ro code   0x800'179c     0xc  xlocale_c.o [2]
  .text              ro code   0x800'17a8    0x6a  I64DivMod.o [4]
  .text              ro code   0x800'1812     0xa  abort.o [2]
  .text              ro code   0x800'181c     0x2  IntDivZer.o [4]
  .text              ro code   0x800'181e     0x2  startup_stm32f070xb.o [1]
  .text              ro code   0x800'1820     0x2  I64DivZer.o [4]
  .text              ro code   0x800'1822     0x2  startup_stm32f070xb.o [1]
  .text              ro code   0x800'1824    0x14  exit.o [5]
  .text              ro code   0x800'1838    0x7c  iarttio.o [5]
  .text              ro code   0x800'18b4     0x8  XShttio.o [2]
  .text              ro code   0x800'18bc   0xc70  stm32f0xx_hal_pcd.o [1]
  .text              ro code   0x800'252c   0x23e  usbd_conf.o [1]
  .text              ro code   0x800'276a     0x2  startup_stm32f070xb.o [1]
  .text              ro code   0x800'276c   0xa68  stm32f0xx_ll_usb.o [1]
  .text              ro code   0x800'31d4    0x68  stm32f0xx_hal_pcd_ex.o [1]
  .text              ro code   0x800'323c    0x8c  stm32f0xx_hal_cortex.o [1]
  .text              ro code   0x800'32c8   0x2b0  usbd_core.o [1]
  .text              ro code   0x800'3578   0x47c  main.o [1]
  .text              ro code   0x800'39f4   0x4a8  usbd_ctlreq.o [1]
  .text              ro code   0x800'3e9c    0x7e  usbd_ioreq.o [1]
  .text              ro code   0x800'3f1a     0x2  startup_stm32f070xb.o [1]
  .text              ro code   0x800'3f1c    0x54  stm32f0xx_hal.o [1]
  .text              ro code   0x800'3f70    0x10  ABImemset_small.o [4]
  .text              ro code   0x800'3f80   0x1b4  stm32f0xx_hal_gpio.o [1]
  .text              ro code   0x800'4134    0x58  usb_device.o [1]
  .text              ro code   0x800'418c   0x53c  stm32f0xx_hal_adc.o [1]
  .text              ro code   0x800'46c8   0x454  stm32f0xx_hal_i2c.o [1]
  .text              ro code   0x800'4b1c    0x8c  stm32f0xx_hal_i2c_ex.o [1]
  .text              ro code   0x800'4ba8   0x108  stm32f0xx_hal_spi.o [1]
  .text              ro code   0x800'4cb0   0x3e0  stm32f0xx_hal_uart.o [1]
  .text              ro code   0x800'5090    0x28  printf.o [2]
  .text              ro code   0x800'50b8   0x34c  elinkswitch_gpio.o [1]
  .text              ro code   0x800'5404    0xc8  stm32f0xx_hal_adc_ex.o [1]
  .text              ro code   0x800'54cc   0x1c0  IS31FL3218.o [1]
  .text              ro code   0x800'568c   0x544  stm32f0xx_hal_rcc.o [1]
  .text              ro code   0x800'5bd0   0x10c  stm32f0xx_hal_rcc_ex.o [1]
  .text              ro code   0x800'5cdc    0x44  stm32f0xx_hal.o [1]
  .text              ro code   0x800'5d20   0x224  stm32f0xx_hal_msp.o [1]
  .text              ro code   0x800'5f44   0x23e  usbd_customhid.o [1]
  .text              ro code   0x800'6182     0x2  startup_stm32f070xb.o [1]
  .text              ro code   0x800'6184     0xc  stm32f0xx_hal.o [1]
  .text              ro code   0x800'6190   0x152  lwbtn.o [1]
  .text              ro code   0x800'62e2    0x14  memset.o [4]
  .text              ro code   0x800'62f6     0x2  startup_stm32f070xb.o [1]
  .text              ro code   0x800'62f8   0x140  heap0.o [2]
  .text              ro code   0x800'6438    0x2c  xgetmemchunk.o [2]
  .text              ro code   0x800'6464    0xf8  usbd_desc.o [1]
  .text              ro code   0x800'655c    0xe0  xfspos.o [2]
  .text              ro code   0x800'663c    0xb4  fflush.o [2]
  .text              ro code   0x800'66f0     0xc  xfgpos.o [2]
  .text              ro code   0x800'66fc    0x4a  lseek.o [5]
  .text              ro code   0x800'6746    0x10  write.o [5]
  .text              ro code   0x800'6756     0x2  startup_stm32f070xb.o [1]
  .text              ro code   0x800'6758    0xc4  XShHandles.o [2]
  .text              ro code   0x800'681c    0x1e  dwrite.o [5]
  .text              ro code   0x800'683a    0x20  iarwstd.o [5]
  .text              ro code   0x800'685a    0x22  iarwrite.o [5]
  .text              ro code   0x800'687c    0xc0  xfwprep.o [2]
  .text              ro code   0x800'693c    0x24  fseek.o [2]
  .text              ro code   0x800'6960    0xa8  xfofind.o [2]
  .text              ro code   0x800'6a08     0x8  heaptramp0.o [2]
  .text              ro code   0x800'6a10    0x80  fclose.o [2]
  .text              ro code   0x800'6a90    0x18  close.o [5]
  .text              ro code   0x800'6aa8    0x14  remove.o [5]
  .rodata            const     0x800'6abc    0x6a  xprintffull_nomb.o [2]
  .text              ro code   0x800'6b26    0x54  fputc.o [2]
  .text              ro code   0x800'6b7a    0x3c  zero_init3.o [4]
  .text              ro code   0x800'6bb6     0x2  startup_stm32f070xb.o [1]
  .text              ro code   0x800'6bb8    0x38  usbd_custom_hid_if.o [1]
  .text              ro code   0x800'6bf0    0x38  xcloseall.o [2]
  .text              ro code   0x800'6c28    0x28  data_init.o [4]
  .rodata            const     0x800'6c50    0x24  main.o [1]
  .text              ro code   0x800'6c74    0x24  stm32f0xx_it.o [1]
  .text              ro code   0x800'6c98    0x10  stm32f0xx_hal.o [1]
  .iar.init_table    const     0x800'6ca8    0x20  - Linker created -
  .text              ro code   0x800'6cc8    0x1e  cmain.o [4]
  .text              ro code   0x800'6ce6     0x4  low_level_init.o [2]
  .text              ro code   0x800'6cea     0x8  exit.o [2]
  .text              ro code   0x800'6cf2     0x2  startup_stm32f070xb.o [1]
  .text              ro code   0x800'6cf4     0xe  cexit.o [4]
  .text              ro code   0x800'6d02     0x2  startup_stm32f070xb.o [1]
  .text              ro code   0x800'6d04    0x1c  cstartup_M.o [4]
  .text              ro code   0x800'6d20    0x16  xprout.o [2]
  .text              ro code   0x800'6d36     0x2  startup_stm32f070xb.o [1]
  .text              ro code   0x800'6d38    0x10  putchar.o [2]
  .text              ro code   0x800'6d48    0x14  system_stm32f0xx.o [1]
  .rodata            const     0x800'6d5c    0x10  elinkswitch_gpio.o [1]
  .text              ro code   0x800'6d6c    0x10  startup_stm32f070xb.o [1]
  .rodata            const     0x800'6d7c     0x8  system_stm32f0xx.o [1]
  .text              ro code   0x800'6d84     0x2  startup_stm32f070xb.o [1]
  .text              ro code   0x800'6d86     0x2  startup_stm32f070xb.o [1]
  .text              ro code   0x800'6d88     0x2  startup_stm32f070xb.o [1]
  .text              ro code   0x800'6d8a     0x2  startup_stm32f070xb.o [1]
  .text              ro code   0x800'6d8c     0x2  startup_stm32f070xb.o [1]
  .text              ro code   0x800'6d8e     0x2  startup_stm32f070xb.o [1]
  .text              ro code   0x800'6d90     0x2  startup_stm32f070xb.o [1]
  .text              ro code   0x800'6d92     0x2  startup_stm32f070xb.o [1]
  .text              ro code   0x800'6d94     0x2  startup_stm32f070xb.o [1]
  .text              ro code   0x800'6d96     0x2  startup_stm32f070xb.o [1]
  .text              ro code   0x800'6d98     0x2  startup_stm32f070xb.o [1]
  .text              ro code   0x800'6d9a     0x2  startup_stm32f070xb.o [1]
  .text              ro code   0x800'6d9c     0x2  startup_stm32f070xb.o [1]
  .rodata            const     0x800'6d9e     0x1  xlocale_c.o [2]
  .text              ro code   0x800'6da0     0x0  cstart_closeall.o [4]
  .rodata            const     0x800'6da0     0x0  zero_init3.o [4]
  .rodata            const     0x800'6da0     0x0  lz77_init_single.o [4]
  Initializer bytes  const     0x800'6da0   0x1ae  <for P2-1>
                             - 0x800'6f4e  0x6e8e

"P2", part 1 of 3:                          0x498
  P2-1                        0x2000'0000   0x498  <Init block>
    .data            inited   0x2000'0000   0x1b8  elinkswitch_gpio.o [1]
    .data            inited   0x2000'01b8    0x40  IS31FL3218.o [1]
    .data            inited   0x2000'01f8     0xc  stm32f0xx_hal.o [1]
    .data            inited   0x2000'0204     0x4  system_stm32f0xx.o [1]
    .data            inited   0x2000'0208    0x24  usbd_custom_hid_if.o [1]
    .data            inited   0x2000'022c    0x10  usbd_custom_hid_if.o [1]
    .data            inited   0x2000'023c    0x38  usbd_customhid.o [1]
    .data            inited   0x2000'0274    0x2c  usbd_customhid.o [1]
    .data            inited   0x2000'02a0    0x2c  usbd_customhid.o [1]
    .data            inited   0x2000'02cc    0x2c  usbd_customhid.o [1]
    .data            inited   0x2000'02f8     0xc  usbd_customhid.o [1]
    .data            inited   0x2000'0304     0xc  usbd_customhid.o [1]
    .data            inited   0x2000'0310    0x1c  usbd_desc.o [1]
    .data            inited   0x2000'032c    0x14  usbd_desc.o [1]
    .data            inited   0x2000'0340     0x4  usbd_desc.o [1]
    .data            inited   0x2000'0344    0x1c  usbd_desc.o [1]
    .data            inited   0x2000'0360    0x38  xlocale_c.o [2]
    .data            inited   0x2000'0398    0x48  xfiles.o [2]
    .data            inited   0x2000'03e0    0x48  xfiles.o [2]
    .data            inited   0x2000'0428    0x48  xfiles.o [2]
    .data            inited   0x2000'0470    0x20  xfiles.o [2]
    .data            inited   0x2000'0490     0x8  XShttio.o [2]
                            - 0x2000'0498   0x498

"P2", part 2 of 3:                          0xbd8
  .bss               zero     0x2000'0498   0x2f4  usbd_conf.o [1]
  .bss               zero     0x2000'078c   0x2c4  usb_device.o [1]
  .bss               zero     0x2000'0a50   0x23c  main.o [1]
  .bss               zero     0x2000'0c8c   0x200  usbd_desc.o [1]
  .bss               zero     0x2000'0e8c    0x80  XShHandles.o [2]
  .bss               zero     0x2000'0f0c    0x58  usbd_conf.o [1]
  .bss               zero     0x2000'0f64    0x50  xfiles.o [2]
  .bss               zero     0x2000'0fb4    0x50  xfiles.o [2]
  .bss               zero     0x2000'1004    0x40  main.o [1]
  .bss               zero     0x2000'1044     0xc  elinkswitch_gpio.o [1]
  .bss               zero     0x2000'1050     0xc  lwbtn.o [1]
  .bss               zero     0x2000'105c     0x8  heap0.o [2]
  .bss               zero     0x2000'1064     0x4  xfail_s.o [2]
  .bss               zero     0x2000'1068     0x4  xgetmemchunk.o [2]
  .bss               zero     0x2000'106c     0x1  main.o [1]
  .bss               zero     0x2000'106d     0x1  main.o [1]
  .bss               zero     0x2000'106e     0x1  usbd_ctlreq.o [1]
                            - 0x2000'106f   0xbd7

"P2", part 3 of 3:                          0x600
  CSTACK                      0x2000'1070   0x400  <Block>
    CSTACK           uninit   0x2000'1070   0x400  <Block tail>
  HEAP                        0x2000'1470   0x200  <Block>
    HEAP             uninit   0x2000'1470   0x200  <Block tail>
                            - 0x2000'1670   0x600

Unused ranges:

         From           To      Size
         ----           --      ----
   0x800'6f4e   0x801'ffff  0x1'90b2
  0x2000'1670  0x2000'3fff    0x2990


*******************************************************************************
*** INIT TABLE
***

          Address      Size
          -------      ----
Zero (__iar_zero_init3)
    1 destination range, total size 0xbd7:
          0x2000'0498  0xbd7

Copy/lz77 (__iar_lz77_init_single3)
    1 source range, total size 0x1ae (36% of destination):
           0x800'6da0  0x1ae
    1 destination range, total size 0x498:
          0x2000'0000  0x498



*******************************************************************************
*** MODULE SUMMARY
***

    Module                  ro code  ro data  rw data
    ------                  -------  -------  -------
command line/config:
    -------------------------------------------------
    Total:

C:\Users\User\Documents\STM32_Projects\stm32f070cb_elinkgate\EWARM\STM32F070CB-ELINKGATE\Obj: [1]
    IS31FL3218.o                448       24       64
    elinkswitch_gpio.o          844      176      452
    lwbtn.o                     338                12
    main.o                    1'148       36      638
    startup_stm32f070xb.o       262
    stm32f0xx_hal.o             180        4       12
    stm32f0xx_hal_adc.o       1'340
    stm32f0xx_hal_adc_ex.o      200
    stm32f0xx_hal_cortex.o      140
    stm32f0xx_hal_gpio.o        436
    stm32f0xx_hal_i2c.o       1'108
    stm32f0xx_hal_i2c_ex.o      140
    stm32f0xx_hal_msp.o         548
    stm32f0xx_hal_pcd.o       3'184
    stm32f0xx_hal_pcd_ex.o      104
    stm32f0xx_hal_rcc.o       1'348
    stm32f0xx_hal_rcc_ex.o      268
    stm32f0xx_hal_spi.o         264
    stm32f0xx_hal_uart.o        992
    stm32f0xx_it.o               36
    stm32f0xx_ll_usb.o        2'664
    system_stm32f0xx.o           20       10        4
    usb_device.o                 88               708
    usbd_conf.o                 574               844
    usbd_core.o                 688
    usbd_ctlreq.o             1'192                 1
    usbd_custom_hid_if.o         56       19       52
    usbd_customhid.o            574       77      212
    usbd_desc.o                 248       29      592
    usbd_ioreq.o                126
    -------------------------------------------------
    Total:                   19'558      375    3'591

dl6M_tlf.a: [2]
    XShHandles.o                196               128
    XShttio.o                     8        3        8
    abort.o                      10
    exit.o                        8
    fclose.o                    128
    fflush.o                    180
    fputc.o                      84
    fseek.o                      36
    heap0.o                     320                 8
    heaptramp0.o                  8
    low_level_init.o              4
    printf.o                     40
    putchar.o                    16
    xcloseall.o                  56
    xfail_s.o                    72                 4
    xfgpos.o                     12
    xfiles.o                              91      408
    xfofind.o                   168
    xfspos.o                    224
    xfwprep.o                   192
    xgetmemchunk.o               44                 4
    xlocale_c.o                  12       24       56
    xprintffull_nomb.o        4'180      106
    xprout.o                     22
    -------------------------------------------------
    Total:                    6'020      224      616

m6M_tl.a: [3]
    DblAddSub.o                 424
    DblCmpGe.o                   50
    DblCmpLe.o                   50
    DblDiv.o                    194
    DblMul.o                    388
    DblToI32.o                   82
    IxxToDbl.o                   52
    -------------------------------------------------
    Total:                    1'240

rt6M_tl.a: [4]
    ABImemcpy.o                  78
    ABImemset_small.o            16
    I32DivMod.o                  94
    I64DivMod.o                 106
    I64DivZer.o                   2
    IntDivZer.o                   2
    cexit.o                      14
    cmain.o                      30
    cstart_closeall.o
    cstartup_M.o                 28
    data_init.o                  40
    lz77_init_single.o          126
    memchr.o                     22
    memset.o                     20
    strchr.o                     18
    strlen.o                     14
    zero_init3.o                 60
    -------------------------------------------------
    Total:                      670

shb_l.a: [5]
    close.o                      24
    dwrite.o                     30
    exit.o                       20
    iarttio.o                   124
    iarwrite.o                   34
    iarwstd.o                    32
    lseek.o                      74
    remove.o                     20
    write.o                      16
    -------------------------------------------------
    Total:                      374

    Gaps                          1
    Linker created                        32    1'536
-----------------------------------------------------
    Grand Total:             27'863      631    5'743


*******************************************************************************
*** ENTRY LIST
***

Entry                       Address   Size  Type      Object
-----                       -------   ----  ----      ------
.iar.init_table$$Base    0x800'6ca8          --   Gb  - Linker created -
.iar.init_table$$Limit   0x800'6cc8          --   Gb  - Linker created -
?main                    0x800'6cc9         Code  Gb  cmain.o [4]
ADC_ConversionStop       0x800'465b   0x58  Code  Lc  stm32f0xx_hal_adc.o [1]
ADC_Disable              0x800'45f1   0x6a  Code  Lc  stm32f0xx_hal_adc.o [1]
ADC_Enable               0x800'4569   0x7e  Code  Lc  stm32f0xx_hal_adc.o [1]
AHBPrescTable            0x800'6d4c   0x10  Data  Gb  system_stm32f0xx.o [1]
APBPrescTable            0x800'6d7c    0x8  Data  Gb  system_stm32f0xx.o [1]
Aldata                  0x2000'105c    0x8  Data  Lc  heap0.o [2]
CSTACK$$Base            0x2000'1070          --   Gb  - Linker created -
CSTACK$$Limit           0x2000'1470          --   Gb  - Linker created -
CUSTOM_HID_DeInit_FS     0x800'6bbd    0x4  Code  Lc  usbd_custom_hid_if.o [1]
CUSTOM_HID_Init_FS       0x800'6bb9    0x4  Code  Lc  usbd_custom_hid_if.o [1]
CUSTOM_HID_OutEvent_FS   0x800'6bc1   0x22  Code  Lc  usbd_custom_hid_if.o [1]
CUSTOM_HID_ReportDesc_FS
                        0x2000'0208   0x24  Data  Lc  usbd_custom_hid_if.o [1]
DEVID                   0x2000'0c88    0x4  Data  Gb  main.o [1]
Error_Handler            0x800'39a5    0x4  Code  Gb  main.o [1]
FS_Desc                 0x2000'0310   0x1c  Data  Gb  usbd_desc.o [1]
HAL_ADCEx_Calibration_Start
                         0x800'5405   0xc8  Code  Gb  stm32f0xx_hal_adc_ex.o [1]
HAL_ADC_ConfigChannel    0x800'4477   0xf0  Code  Gb  stm32f0xx_hal_adc.o [1]
HAL_ADC_GetValue         0x800'4471    0x6  Code  Gb  stm32f0xx_hal_adc.o [1]
HAL_ADC_Init             0x800'418d  0x166  Code  Gb  stm32f0xx_hal_adc.o [1]
HAL_ADC_MspInit          0x800'5d4b   0x56  Code  Gb  stm32f0xx_hal_msp.o [1]
HAL_ADC_PollForConversion
                         0x800'4385   0xd0  Code  Gb  stm32f0xx_hal_adc.o [1]
HAL_ADC_Start            0x800'42f3   0x4e  Code  Gb  stm32f0xx_hal_adc.o [1]
HAL_ADC_Stop             0x800'4341   0x3c  Code  Gb  stm32f0xx_hal_adc.o [1]
HAL_GPIO_Init            0x800'3f81  0x190  Code  Gb  stm32f0xx_hal_gpio.o [1]
HAL_GPIO_WritePin        0x800'4111    0xc  Code  Gb  stm32f0xx_hal_gpio.o [1]
HAL_GetDEVID             0x800'3f3f    0xa  Code  Gb  stm32f0xx_hal.o [1]
HAL_GetREVID             0x800'3f37    0x8  Code  Gb  stm32f0xx_hal.o [1]
HAL_GetTick              0x800'6185    0xc  Code  Wk  stm32f0xx_hal.o [1]
HAL_GetUIDw0             0x800'3f49    0x6  Code  Gb  stm32f0xx_hal.o [1]
HAL_GetUIDw1             0x800'3f4f    0x6  Code  Gb  stm32f0xx_hal.o [1]
HAL_GetUIDw2             0x800'3f55    0x6  Code  Gb  stm32f0xx_hal.o [1]
HAL_I2CEx_ConfigAnalogFilter
                         0x800'4b1d   0x3a  Code  Gb  stm32f0xx_hal_i2c_ex.o [1]
HAL_I2CEx_ConfigDigitalFilter
                         0x800'4b57   0x36  Code  Gb  stm32f0xx_hal_i2c_ex.o [1]
HAL_I2C_Init             0x800'46c9   0xa8  Code  Gb  stm32f0xx_hal_i2c.o [1]
HAL_I2C_Mem_Write        0x800'47a1  0x15e  Code  Gb  stm32f0xx_hal_i2c.o [1]
HAL_I2C_MspInit          0x800'5da1   0x8a  Code  Gb  stm32f0xx_hal_msp.o [1]
HAL_IncTick              0x800'6c99   0x10  Code  Wk  stm32f0xx_hal.o [1]
HAL_Init                 0x800'3f1d   0x1a  Code  Gb  stm32f0xx_hal.o [1]
HAL_InitTick             0x800'5cdd   0x44  Code  Wk  stm32f0xx_hal.o [1]
HAL_MspInit              0x800'5d21   0x2a  Code  Gb  stm32f0xx_hal_msp.o [1]
HAL_NVIC_EnableIRQ       0x800'327f   0x12  Code  Gb  stm32f0xx_hal_cortex.o [1]
HAL_NVIC_SetPriority     0x800'3277    0x8  Code  Gb  stm32f0xx_hal_cortex.o [1]
HAL_PCDEx_ActivateLPM    0x800'3217   0x24  Code  Gb  stm32f0xx_hal_pcd_ex.o [1]
HAL_PCDEx_LPM_Callback   0x800'323b    0x2  Code  Wk  stm32f0xx_hal_pcd_ex.o [1]
HAL_PCDEx_PMAConfig      0x800'31d5   0x3a  Code  Gb  stm32f0xx_hal_pcd_ex.o [1]
HAL_PCD_DataInStageCallback
                         0x800'258f   0x18  Code  Gb  usbd_conf.o [1]
HAL_PCD_DataOutStageCallback
                         0x800'2573   0x1c  Code  Gb  usbd_conf.o [1]
HAL_PCD_EP_Close         0x800'23c7   0x46  Code  Gb  stm32f0xx_hal_pcd.o [1]
HAL_PCD_EP_ClrStall      0x800'24cb   0x56  Code  Gb  stm32f0xx_hal_pcd.o [1]
HAL_PCD_EP_Open          0x800'2367   0x60  Code  Gb  stm32f0xx_hal_pcd.o [1]
HAL_PCD_EP_Receive       0x800'240d   0x30  Code  Gb  stm32f0xx_hal_pcd.o [1]
HAL_PCD_EP_SetStall      0x800'2471   0x5a  Code  Gb  stm32f0xx_hal_pcd.o [1]
HAL_PCD_EP_Transmit      0x800'243d   0x34  Code  Gb  stm32f0xx_hal_pcd.o [1]
HAL_PCD_IRQHandler       0x800'1991  0x9a0  Code  Gb  stm32f0xx_hal_pcd.o [1]
HAL_PCD_Init             0x800'18bd   0xa8  Code  Gb  stm32f0xx_hal_pcd.o [1]
HAL_PCD_MspInit          0x800'252d   0x32  Code  Gb  usbd_conf.o [1]
HAL_PCD_ResetCallback    0x800'25b5   0x24  Code  Gb  usbd_conf.o [1]
HAL_PCD_ResumeCallback   0x800'25f9   0x24  Code  Gb  usbd_conf.o [1]
HAL_PCD_SOFCallback      0x800'25a7    0xe  Code  Gb  usbd_conf.o [1]
HAL_PCD_SetAddress       0x800'2341   0x26  Code  Gb  stm32f0xx_hal_pcd.o [1]
HAL_PCD_SetupStageCallback
                         0x800'255f   0x14  Code  Gb  usbd_conf.o [1]
HAL_PCD_Start            0x800'1965   0x2a  Code  Gb  stm32f0xx_hal_pcd.o [1]
HAL_PCD_SuspendCallback
                         0x800'25d9   0x20  Code  Gb  usbd_conf.o [1]
HAL_RCCEx_PeriphCLKConfig
                         0x800'5bd1   0xf4  Code  Gb  stm32f0xx_hal_rcc_ex.o [1]
HAL_RCC_ClockConfig      0x800'5a25   0xfc  Code  Gb  stm32f0xx_hal_rcc.o [1]
HAL_RCC_GetPCLK1Freq     0x800'5b75   0x14  Code  Gb  stm32f0xx_hal_rcc.o [1]
HAL_RCC_GetSysClockFreq
                         0x800'5b29   0x48  Code  Gb  stm32f0xx_hal_rcc.o [1]
HAL_RCC_GetSysClockFreq::aPLLMULFactorTable
                         0x800'5bb0   0x10  Data  Lc  stm32f0xx_hal_rcc.o [1]
HAL_RCC_GetSysClockFreq::aPredivFactorTable
                         0x800'5bc0   0x10  Data  Lc  stm32f0xx_hal_rcc.o [1]
HAL_RCC_OscConfig        0x800'568d  0x38a  Code  Gb  stm32f0xx_hal_rcc.o [1]
HAL_SPI_Init             0x800'4ba9  0x104  Code  Gb  stm32f0xx_hal_spi.o [1]
HAL_SPI_MspInit          0x800'5e2b   0x94  Code  Gb  stm32f0xx_hal_msp.o [1]
HAL_SYSTICK_Config       0x800'3291   0x28  Code  Gb  stm32f0xx_hal_cortex.o [1]
HAL_UART_Init            0x800'4cb1   0x56  Code  Gb  stm32f0xx_hal_uart.o [1]
HAL_UART_MspInit         0x800'5ebf   0x62  Code  Gb  stm32f0xx_hal_msp.o [1]
HEAP$$Base              0x2000'1470          --   Gb  - Linker created -
HEAP$$Limit             0x2000'1670          --   Gb  - Linker created -
HardFault_Handler        0x800'6c77    0x2  Code  Gb  stm32f0xx_it.o [1]
I2C_Flush_TXDR           0x800'4965   0x1c  Code  Lc  stm32f0xx_hal_i2c.o [1]
I2C_IsAcknowledgeFailed
                         0x800'4a73   0x80  Code  Lc  stm32f0xx_hal_i2c.o [1]
I2C_RequestMemoryWrite   0x800'4905   0x5c  Code  Lc  stm32f0xx_hal_i2c.o [1]
I2C_TransferConfig       0x800'4af3   0x22  Code  Lc  stm32f0xx_hal_i2c.o [1]
I2C_WaitOnFlagUntilTimeout
                         0x800'4981   0x58  Code  Lc  stm32f0xx_hal_i2c.o [1]
I2C_WaitOnSTOPFlagUntilTimeout
                         0x800'4a2b   0x48  Code  Lc  stm32f0xx_hal_i2c.o [1]
I2C_WaitOnTXISFlagUntilTimeout
                         0x800'49d9   0x52  Code  Lc  stm32f0xx_hal_i2c.o [1]
IntToUnicode             0x800'64e5   0x26  Code  Lc  usbd_desc.o [1]
LL_GPIO_IsInputPinSet    0x800'50b9   0x10  Code  Lc  elinkswitch_gpio.o [1]
MX_USB_DEVICE_Init       0x800'4135   0x58  Code  Gb  usb_device.o [1]
NMI_Handler              0x800'6c75    0x2  Code  Gb  stm32f0xx_it.o [1]
PendSV_Handler           0x800'6c7b    0x2  Code  Gb  stm32f0xx_it.o [1]
REVID                   0x2000'0c84    0x4  Data  Gb  main.o [1]
Region$$Table$$Base      0x800'6ca8          --   Gb  - Linker created -
Region$$Table$$Limit     0x800'6cc8          --   Gb  - Linker created -
SVC_Handler              0x800'6c79    0x2  Code  Gb  stm32f0xx_it.o [1]
SysTick_Handler          0x800'6c7d    0xc  Code  Gb  stm32f0xx_it.o [1]
SystemClock_Config       0x800'38f1   0x84  Code  Gb  main.o [1]
SystemCoreClock         0x2000'0204    0x4  Data  Gb  system_stm32f0xx.o [1]
SystemInit               0x800'6d49    0x2  Code  Gb  system_stm32f0xx.o [1]
UART_AdvFeatureConfig    0x800'4e33   0xc8  Code  Gb  stm32f0xx_hal_uart.o [1]
UART_CheckIdleState      0x800'4f01   0x60  Code  Gb  stm32f0xx_hal_uart.o [1]
UART_SetConfig           0x800'4d1d  0x116  Code  Gb  stm32f0xx_hal_uart.o [1]
UART_WaitOnFlagUntilTimeout
                         0x800'4f7d   0xde  Code  Gb  stm32f0xx_hal_uart.o [1]
UID                     0x2000'0c74   0x10  Data  Gb  main.o [1]
USBD_CUSTOM_HID         0x2000'023c   0x38  Data  Gb  usbd_customhid.o [1]
USBD_CUSTOM_HID_CfgFSDesc
                        0x2000'0274   0x2c  Data  Lc  usbd_customhid.o [1]
USBD_CUSTOM_HID_CfgHSDesc
                        0x2000'02a0   0x2c  Data  Lc  usbd_customhid.o [1]
USBD_CUSTOM_HID_DataIn   0x800'60ff   0x10  Code  Lc  usbd_customhid.o [1]
USBD_CUSTOM_HID_DataOut
                         0x800'610f   0x24  Code  Lc  usbd_customhid.o [1]
USBD_CUSTOM_HID_DeInit   0x800'5f9f   0x3a  Code  Lc  usbd_customhid.o [1]
USBD_CUSTOM_HID_Desc    0x2000'02f8    0xc  Data  Lc  usbd_customhid.o [1]
USBD_CUSTOM_HID_DeviceQualifierDesc
                        0x2000'0304    0xc  Data  Lc  usbd_customhid.o [1]
USBD_CUSTOM_HID_EP0_RxReady
                         0x800'6133   0x20  Code  Lc  usbd_customhid.o [1]
USBD_CUSTOM_HID_GetDeviceQualifierDesc
                         0x800'6153    0x8  Code  Lc  usbd_customhid.o [1]
USBD_CUSTOM_HID_GetFSCfgDesc
                         0x800'60e7    0x8  Code  Lc  usbd_customhid.o [1]
USBD_CUSTOM_HID_GetHSCfgDesc
                         0x800'60ef    0x8  Code  Lc  usbd_customhid.o [1]
USBD_CUSTOM_HID_GetOtherSpeedCfgDesc
                         0x800'60f7    0x8  Code  Lc  usbd_customhid.o [1]
USBD_CUSTOM_HID_Init     0x800'5f45   0x5a  Code  Lc  usbd_customhid.o [1]
USBD_CUSTOM_HID_OtherSpeedCfgDesc
                        0x2000'02cc   0x2c  Data  Lc  usbd_customhid.o [1]
USBD_CUSTOM_HID_RegisterInterface
                         0x800'6171   0x12  Code  Gb  usbd_customhid.o [1]
USBD_CUSTOM_HID_SendReport
                         0x800'60b7   0x30  Code  Gb  usbd_customhid.o [1]
USBD_CUSTOM_HID_Setup    0x800'5fd9   0xde  Code  Lc  usbd_customhid.o [1]
USBD_ClrClassConfig      0x800'3331    0xa  Code  Gb  usbd_core.o [1]
USBD_CtlContinueRx       0x800'3ee3    0x8  Code  Gb  usbd_ioreq.o [1]
USBD_CtlContinueSendData
                         0x800'3eb9    0x8  Code  Gb  usbd_ioreq.o [1]
USBD_CtlError            0x800'3e45   0x14  Code  Gb  usbd_ctlreq.o [1]
USBD_CtlPrepareRx        0x800'3ec1   0x22  Code  Gb  usbd_ioreq.o [1]
USBD_CtlReceiveStatus    0x800'3f03    0xe  Code  Gb  usbd_ioreq.o [1]
USBD_CtlSendData         0x800'3e9d   0x1c  Code  Gb  usbd_ioreq.o [1]
USBD_CtlSendStatus       0x800'3eeb    0xe  Code  Gb  usbd_ioreq.o [1]
USBD_CustomHID_fops_FS  0x2000'022c   0x10  Data  Gb  usbd_custom_hid_if.o [1]
USBD_FS_ConfigStrDescriptor
                         0x800'64b5    0x6  Code  Gb  usbd_desc.o [1]
USBD_FS_DeviceDesc      0x2000'032c   0x14  Data  Gb  usbd_desc.o [1]
USBD_FS_DeviceDescriptor
                         0x800'6465    0x8  Code  Gb  usbd_desc.o [1]
USBD_FS_InterfaceStrDescriptor
                         0x800'64dd    0x8  Code  Gb  usbd_desc.o [1]
USBD_FS_LangIDStrDescriptor
                         0x800'646d    0x8  Code  Gb  usbd_desc.o [1]
USBD_FS_ManufacturerStrDescriptor
                         0x800'647d    0xc  Code  Gb  usbd_desc.o [1]
USBD_FS_ProductStrDescriptor
                         0x800'6475    0x8  Code  Gb  usbd_desc.o [1]
USBD_FS_SerialStrDescriptor
                         0x800'6489   0x2c  Code  Gb  usbd_desc.o [1]
USBD_GetString           0x800'3e59   0x44  Code  Gb  usbd_ctlreq.o [1]
USBD_Get_USB_Status      0x800'2757   0x14  Code  Lc  usbd_conf.o [1]
USBD_Init                0x800'32c9   0x2e  Code  Gb  usbd_core.o [1]
USBD_LL_ClearStallEP     0x800'26d3   0x12  Code  Gb  usbd_conf.o [1]
USBD_LL_CloseEP          0x800'26af   0x12  Code  Gb  usbd_conf.o [1]
USBD_LL_DataInStage      0x800'3419   0xbe  Code  Gb  usbd_core.o [1]
USBD_LL_DataOutStage     0x800'3395   0x84  Code  Gb  usbd_core.o [1]
USBD_LL_Init             0x800'261d   0x68  Code  Gb  usbd_conf.o [1]
USBD_LL_IsStallEP        0x800'26e5   0x20  Code  Gb  usbd_conf.o [1]
USBD_LL_OpenEP           0x800'2697   0x18  Code  Gb  usbd_conf.o [1]
USBD_LL_PrepareReceive   0x800'2729   0x12  Code  Gb  usbd_conf.o [1]
USBD_LL_Reset            0x800'34d7   0x52  Code  Gb  usbd_core.o [1]
USBD_LL_Resume           0x800'3541   0x14  Code  Gb  usbd_core.o [1]
USBD_LL_SOF              0x800'3555   0x1c  Code  Gb  usbd_core.o [1]
USBD_LL_SetSpeed         0x800'3529    0x6  Code  Gb  usbd_core.o [1]
USBD_LL_SetUSBAddress    0x800'2705   0x12  Code  Gb  usbd_conf.o [1]
USBD_LL_SetupStage       0x800'333b   0x5a  Code  Gb  usbd_core.o [1]
USBD_LL_StallEP          0x800'26c1   0x12  Code  Gb  usbd_conf.o [1]
USBD_LL_Start            0x800'2685   0x12  Code  Gb  usbd_conf.o [1]
USBD_LL_Suspend          0x800'352f   0x12  Code  Gb  usbd_core.o [1]
USBD_LL_Transmit         0x800'2717   0x12  Code  Gb  usbd_conf.o [1]
USBD_LangIDDesc         0x2000'0340    0x4  Data  Gb  usbd_desc.o [1]
USBD_ParseSetupRequest   0x800'3e1d   0x28  Code  Gb  usbd_ctlreq.o [1]
USBD_RegisterClass       0x800'32f7   0x14  Code  Gb  usbd_core.o [1]
USBD_SetClassConfig      0x800'3315   0x1c  Code  Gb  usbd_core.o [1]
USBD_SetConfig::cfgidx  0x2000'106e    0x1  Data  Lc  usbd_ctlreq.o [1]
USBD_Start               0x800'330b    0xa  Code  Gb  usbd_core.o [1]
USBD_StdDevReq           0x800'39f5  0x282  Code  Gb  usbd_ctlreq.o [1]
USBD_StdEPReq            0x800'3cd1  0x14c  Code  Gb  usbd_ctlreq.o [1]
USBD_StdItfReq           0x800'3c7d   0x54  Code  Gb  usbd_ctlreq.o [1]
USBD_StrDesc            0x2000'0c8c  0x200  Data  Gb  usbd_desc.o [1]
USBD_StringSerial       0x2000'0344   0x1c  Data  Gb  usbd_desc.o [1]
USBD_static_free         0x800'2755    0x2  Code  Gb  usbd_conf.o [1]
USBD_static_malloc       0x800'273b    0x4  Code  Gb  usbd_conf.o [1]
USBD_static_malloc::mem
                        0x2000'0f0c   0x58  Data  Lc  usbd_conf.o [1]
USB_ActivateEndpoint     0x800'27a1  0x276  Code  Gb  stm32f0xx_ll_usb.o [1]
USB_DeactivateEndpoint   0x800'2a35  0x12c  Code  Gb  stm32f0xx_ll_usb.o [1]
USB_DevConnect           0x800'3147    0xe  Code  Gb  stm32f0xx_ll_usb.o [1]
USB_DevInit              0x800'278b   0x16  Code  Gb  stm32f0xx_ll_usb.o [1]
USB_DisableGlobalInt     0x800'277b   0x10  Code  Gb  stm32f0xx_ll_usb.o [1]
USB_EPClearStall         0x800'30cd   0x66  Code  Gb  stm32f0xx_ll_usb.o [1]
USB_EPSetStall           0x800'309d   0x2a  Code  Gb  stm32f0xx_ll_usb.o [1]
USB_EPStartXfer          0x800'2b89  0x50a  Code  Gb  stm32f0xx_ll_usb.o [1]
USB_EnableGlobalInt      0x800'276d    0xe  Code  Gb  stm32f0xx_ll_usb.o [1]
USB_IRQHandler           0x800'6c89    0xa  Code  Gb  stm32f0xx_it.o [1]
USB_ReadInterrupts       0x800'3155    0x6  Code  Gb  stm32f0xx_ll_usb.o [1]
USB_ReadPMA              0x800'31ad   0x28  Code  Gb  stm32f0xx_ll_usb.o [1]
USB_SetDevAddress        0x800'3139    0xe  Code  Gb  stm32f0xx_ll_usb.o [1]
USB_WritePMA             0x800'3189   0x24  Code  Gb  stm32f0xx_ll_usb.o [1]
_Close_all               0x800'6bf1   0x38  Code  Gb  xcloseall.o [2]
_Files                  0x2000'0470   0x20  Data  Gb  xfiles.o [2]
_Fofree                  0x800'6961   0xa0  Code  Gb  xfofind.o [2]
_Fspos                   0x800'655d   0xe0  Code  Gb  xfspos.o [2]
_Fwprep                  0x800'687d   0xc0  Code  Gb  xfwprep.o [2]
_LitobFullNoMb           0x800'0f51  0x120  Code  Lc  xprintffull_nomb.o [2]
_Locale_lconv           0x2000'0360   0x38  Data  Lc  xlocale_c.o [2]
_Nnl                     0x800'66f1    0xc  Code  Gb  xfgpos.o [2]
_PrintfFullNoMb          0x800'00c1  0xe90  Code  Gb  xprintffull_nomb.o [2]
_Prout                   0x800'6d21   0x16  Code  Gb  xprout.o [2]
_PutcharFullNoMb         0x800'10bd   0x22  Code  Lc  xprintffull_nomb.o [2]
_PutcharsFullNoMb        0x800'10df   0x36  Code  Lc  xprintffull_nomb.o [2]
__ICFEDIT_region_RAM_end__ {Abs}
                        0x2000'3fff         Data  Gb  <internal module>
__ICFEDIT_region_RAM_start__ {Abs}
                        0x2000'0000         Data  Gb  <internal module>
__NVIC_SetPriority       0x800'323d   0x3a  Code  Lc  stm32f0xx_hal_cortex.o [1]
__aeabi_cdcmple          0x800'1263         Code  Gb  DblCmpLe.o [3]
__aeabi_cdrcmple         0x800'1295         Code  Gb  DblCmpGe.o [3]
__aeabi_d2iz             0x800'12c9         Code  Gb  DblToI32.o [3]
__aeabi_d2uiz            0x800'12ed         Code  Gb  DblToI32.o [3]
__aeabi_ddiv             0x800'1557         Code  Gb  DblDiv.o [3]
__aeabi_dmul             0x800'1619         Code  Gb  DblMul.o [3]
__aeabi_dsub             0x800'140b         Code  Gb  DblAddSub.o [3]
__aeabi_i2d              0x800'133d         Code  Gb  IxxToDbl.o [3]
__aeabi_idiv0            0x800'181d         Code  Gb  IntDivZer.o [4]
__aeabi_ldiv0            0x800'1821         Code  Gb  I64DivZer.o [4]
__aeabi_memcpy           0x800'1249         Code  Gb  ABImemcpy.o [4]
__aeabi_memcpy4          0x800'1215         Code  Gb  ABImemcpy.o [4]
__aeabi_memcpy8          0x800'1215         Code  Gb  ABImemcpy.o [4]
__aeabi_ui2d             0x800'131d         Code  Gb  IxxToDbl.o [3]
__aeabi_uldivmod         0x800'17a9         Code  Gb  I64DivMod.o [4]
__basic_free             0x800'63a9   0x16  Code  Gb  heap0.o [2]
__basic_free_intern      0x800'63bf   0x76  Code  Lc  heap0.o [2]
__basic_malloc           0x800'62f9   0x18  Code  Gb  heap0.o [2]
__basic_malloc_intern    0x800'6311   0x98  Code  Lc  heap0.o [2]
__cexit_closeall         0x800'6cf7         Code  Gb  cexit.o [4]
__close                  0x800'6a91   0x18  Code  Gb  close.o [5]
__cmain                  0x800'6cc9         Code  Gb  cmain.o [4]
__cstart_closeall        0x800'6da0         Data  Gb  cstart_closeall.o [4]
__data_GetMemChunk       0x800'6439   0x2c  Code  Gb  xgetmemchunk.o [2]
__data_GetMemChunk::start
                        0x2000'1068    0x4  Data  Lc  xgetmemchunk.o [2]
__dwrite                 0x800'681d   0x1e  Code  Gb  dwrite.o [5]
__exit                   0x800'1825   0x14  Code  Gb  exit.o [5]
__iar_Fail_s             0x800'11a5   0x22  Code  Gb  xfail_s.o [2]
__iar_Memchr             0x800'11fd         Code  Gb  memchr.o [4]
__iar_Memcpy             0x800'1255         Code  Gb  ABImemcpy.o [4]
__iar_Stderr            0x2000'0428   0x48  Data  Gb  xfiles.o [2]
__iar_Stdin             0x2000'0398   0x48  Data  Gb  xfiles.o [2]
__iar_Stdout            0x2000'03e0   0x48  Data  Gb  xfiles.o [2]
__iar_Strchr             0x800'1115         Code  Gb  strchr.o [4]
__iar_close_ttio         0x800'1839   0x2c  Code  Gb  iarttio.o [5]
__iar_d2uiz              0x800'12f1         Code  Gb  DblToI32.o [3]
__iar_data_init3         0x800'6c29   0x28  Code  Gb  data_init.o [4]
__iar_get_ttio           0x800'1865   0x4c  Code  Gb  iarttio.o [5]
__iar_lookup_ttioh       0x800'18b5    0x8  Code  Gb  XShttio.o [2]
__iar_lz77_init_single3
                         0x800'1127   0x7e  Code  Gb  lz77_init_single.o [4]
__iar_program_start      0x800'6d05         Code  Gb  cstartup_M.o [4]
__iar_sh_Discard         0x800'6759   0x3e  Code  Gb  XShHandles.o [2]
__iar_sh_Move            0x800'6797   0x44  Code  Gb  XShHandles.o [2]
__iar_sh_Pos             0x800'67db   0x3c  Code  Gb  XShHandles.o [2]
__iar_sh_stdout          0x800'683b   0x20  Code  Gb  iarwstd.o [5]
__iar_sh_write           0x800'685b   0x22  Code  Gb  iarwrite.o [5]
__iar_small_Memset4_word
                         0x800'3f75         Code  Gb  ABImemset_small.o [4]
__iar_small_Memset_word
                         0x800'3f75         Code  Gb  ABImemset_small.o [4]
__iar_small_idiv         0x800'14f9         Code  Gb  I32DivMod.o [4]
__iar_small_idivmod      0x800'14f9         Code  Gb  I32DivMod.o [4]
__iar_small_memclr       0x800'3f71         Code  Gb  ABImemset_small.o [4]
__iar_small_memclr4      0x800'3f71         Code  Gb  ABImemset_small.o [4]
__iar_small_memclr8      0x800'3f71         Code  Gb  ABImemset_small.o [4]
__iar_small_memset       0x800'3f75         Code  Gb  ABImemset_small.o [4]
__iar_small_memset4      0x800'3f75         Code  Gb  ABImemset_small.o [4]
__iar_small_memset8      0x800'3f75         Code  Gb  ABImemset_small.o [4]
__iar_small_uidiv        0x800'1521         Code  Gb  I32DivMod.o [4]
__iar_small_uidivmod     0x800'1521         Code  Gb  I32DivMod.o [4]
__iar_ttio_handles      0x2000'0490    0x8  Data  Lc  XShttio.o [2]
__iar_zero_init3         0x800'6b7b   0x3c  Code  Gb  zero_init3.o [4]
__low_level_init         0x800'6ce7    0x4  Code  Gb  low_level_init.o [2]
__lseek                  0x800'66fd   0x4a  Code  Gb  lseek.o [5]
__vector_table           0x800'0000         Data  Gb  startup_stm32f070xb.o [1]
__write                  0x800'6747   0x10  Code  Gb  write.o [5]
_call_main               0x800'6cd5         Code  Gb  cmain.o [4]
_exit                    0x800'6cf5         Code  Gb  cexit.o [4]
_main                    0x800'6cdf         Code  Gb  cmain.o [4]
abm_tab                 0x2000'01b8   0x40  Data  Gb  IS31FL3218.o [1]
abort                    0x800'1813    0xa  Code  Gb  abort.o [2]
btns                    0x2000'004c  0x16c  Data  Lc  elinkswitch_gpio.o [1]
channelSelect           0x2000'106d    0x1  Data  Gb  main.o [1]
ebuf                    0x2000'0f64   0x50  Data  Lc  xfiles.o [2]
elsgpio_1ms_elapsed      0x800'530f   0x3a  Code  Gb  elinkswitch_gpio.o [1]
elsgpio_1ms_elapsed::counter
                        0x2000'0010    0x2  Data  Lc  elinkswitch_gpio.o [1]
elsgpio_1ms_elapsed::minutes
                        0x2000'0001    0x1  Data  Lc  elinkswitch_gpio.o [1]
elsgpio_1ms_elapsed::seconds
                        0x2000'0000    0x1  Data  Lc  elinkswitch_gpio.o [1]
elsgpio_init             0x800'52b9   0x26  Code  Gb  elinkswitch_gpio.o [1]
elsgpio_lwbtn           0x2000'0004    0xc  Data  Gb  elinkswitch_gpio.o [1]
elsgpio_task             0x800'52df   0x30  Code  Gb  elinkswitch_gpio.o [1]
exit                     0x800'6ceb    0x8  Code  Gb  exit.o [2]
fclose                   0x800'6a11   0x80  Code  Gb  fclose.o [2]
fflush                   0x800'66b1   0x38  Code  Gb  fflush.o [2]
fflushOne                0x800'663d   0x74  Code  Lc  fflush.o [2]
flag_rx                 0x2000'106c    0x1  Data  Gb  main.o [1]
fputc                    0x800'6b27   0x54  Code  Gb  fputc.o [2]
free                     0x800'6a09    0x8  Code  Gb  heaptramp0.o [2]
fseek                    0x800'693d   0x24  Code  Gb  fseek.o [2]
hUsbDeviceFS            0x2000'078c  0x2c4  Data  Gb  usb_device.o [1]
hadc                    0x2000'0a50   0x40  Data  Gb  main.o [1]
hi2c1                   0x2000'0bdc   0x4c  Data  Gb  main.o [1]
hi2c2                   0x2000'0c28   0x4c  Data  Gb  main.o [1]
hpcd_USB_FS             0x2000'0498  0x2f4  Data  Gb  usbd_conf.o [1]
hspi1                   0x2000'0a90   0x64  Data  Gb  main.o [1]
hspi2                   0x2000'0af4   0x64  Data  Gb  main.o [1]
huart1                  0x2000'0b58   0x84  Data  Gb  main.o [1]
init_IS31FL3218          0x800'54cd   0xce  Code  Gb  IS31FL3218.o [1]
keys                     0x800'6d5c   0x10  Data  Gb  elinkswitch_gpio.o [1]
last_time_keys          0x2000'0018   0x34  Data  Gb  elinkswitch_gpio.o [1]
localeconv               0x800'179d    0x4  Code  Gb  xlocale_c.o [2]
lwbtn_default           0x2000'1050    0xc  Data  Lc  lwbtn.o [1]
lwbtn_init_ex            0x800'6273   0x2e  Code  Gb  lwbtn.o [1]
lwbtn_process_ex         0x800'62a1   0x2c  Code  Gb  lwbtn.o [1]
lwbtn_set_btn_state      0x800'62d5    0xe  Code  Gb  lwbtn.o [1]
main                     0x800'3579  0x366  Code  Gb  main.o [1]
memchr                   0x800'11fd         Code  Gb  memchr.o [4]
memset                   0x800'62e3   0x14  Code  Gb  memset.o [4]
obuf                    0x2000'0fb4   0x50  Data  Lc  xfiles.o [2]
printf                   0x800'5091   0x28  Code  Gb  printf.o [2]
prv_btn_event            0x800'51b9  0x100  Code  Gb  elinkswitch_gpio.o [1]
prv_btn_get_state        0x800'5115   0xa0  Code  Gb  elinkswitch_gpio.o [1]
prv_process_btn          0x800'6191   0xe2  Code  Gb  lwbtn.o [1]
putchar                  0x800'6d39   0x10  Code  Gb  putchar.o [2]
read_adc_usb             0x800'50c9   0x4c  Code  Gb  elinkswitch_gpio.o [1]
remove                   0x800'6aa9   0x14  Code  Gb  remove.o [5]
report_buffer           0x2000'1004   0x40  Data  Gb  main.o [1]
sConfig                 0x2000'1044    0xc  Data  Gb  elinkswitch_gpio.o [1]
sFileInfo               0x2000'0e8c   0x80  Data  Lc  XShHandles.o [2]
scale                    0x800'1071   0x44  Code  Lc  xprintffull_nomb.o [2]
sec_hand                0x2000'1064    0x4  Data  Lc  xfail_s.o [2]
set_led                  0x800'559b   0x5e  Code  Gb  IS31FL3218.o [1]
stick                   0x2000'0014    0x4  Data  Lc  elinkswitch_gpio.o [1]
strchr                   0x800'1115         Code  Gb  strchr.o [4]
strlen                   0x800'11ed         Code  Gb  strlen.o [4]
test_LED                 0x800'55f9   0x66  Code  Gb  IS31FL3218.o [1]
uwTick                  0x2000'01fc    0x4  Data  Gb  stm32f0xx_hal.o [1]
uwTickFreq              0x2000'01f8    0x1  Data  Gb  stm32f0xx_hal.o [1]
uwTickPrio              0x2000'0200    0x4  Data  Gb  stm32f0xx_hal.o [1]


[1] = C:\Users\User\Documents\STM32_Projects\stm32f070cb_elinkgate\EWARM\STM32F070CB-ELINKGATE\Obj
[2] = dl6M_tlf.a
[3] = m6M_tl.a
[4] = rt6M_tl.a
[5] = shb_l.a

  27'863 bytes of readonly  code memory
     631 bytes of readonly  data memory
   5'743 bytes of readwrite data memory

Errors: none
Warnings: none
