###############################################################################
#
# IAR ELF Linker V8.50.9.278/W32 for ARM                  21/Feb/2023  16:05:46
# Copyright 2007-2020 IAR Systems AB.
#
#    Output file  =
#        C:\Users\User\Documents\STM32_Projects\stm32f070cb_elinkgate\EWARM\STM32F070CB-ELINKGATE\Exe\STM32F070CB-ELINKGATE.out
#    Map file     =
#        C:\Users\User\Documents\STM32_Projects\stm32f070cb_elinkgate\EWARM\STM32F070CB-ELINKGATE\List\STM32F070CB-ELINKGATE.map
#    Command line =
#        -f C:\Users\User\AppData\Local\Temp\EWE7.tmp
#        (C:\Users\User\Documents\STM32_Projects\stm32f070cb_elinkgate\EWARM\STM32F070CB-ELINKGATE\Obj\elinkswitch.o
#        C:\Users\User\Documents\STM32_Projects\stm32f070cb_elinkgate\EWARM\STM32F070CB-ELINKGATE\Obj\elinkswitch_gpio.o
#        C:\Users\User\Documents\STM32_Projects\stm32f070cb_elinkgate\EWARM\STM32F070CB-ELINKGATE\Obj\IS31FL3218.o
#        C:\Users\User\Documents\STM32_Projects\stm32f070cb_elinkgate\EWARM\STM32F070CB-ELINKGATE\Obj\led.o
#        C:\Users\User\Documents\STM32_Projects\stm32f070cb_elinkgate\EWARM\STM32F070CB-ELINKGATE\Obj\lwbtn.o
#        C:\Users\User\Documents\STM32_Projects\stm32f070cb_elinkgate\EWARM\STM32F070CB-ELINKGATE\Obj\main.o
#        C:\Users\User\Documents\STM32_Projects\stm32f070cb_elinkgate\EWARM\STM32F070CB-ELINKGATE\Obj\startup_stm32f070xb.o
#        C:\Users\User\Documents\STM32_Projects\stm32f070cb_elinkgate\EWARM\STM32F070CB-ELINKGATE\Obj\stm32f0xx_hal.o
#        C:\Users\User\Documents\STM32_Projects\stm32f070cb_elinkgate\EWARM\STM32F070CB-ELINKGATE\Obj\stm32f0xx_hal_adc.o
#        C:\Users\User\Documents\STM32_Projects\stm32f070cb_elinkgate\EWARM\STM32F070CB-ELINKGATE\Obj\stm32f0xx_hal_adc_ex.o
#        C:\Users\User\Documents\STM32_Projects\stm32f070cb_elinkgate\EWARM\STM32F070CB-ELINKGATE\Obj\stm32f0xx_hal_cortex.o
#        C:\Users\User\Documents\STM32_Projects\stm32f070cb_elinkgate\EWARM\STM32F070CB-ELINKGATE\Obj\stm32f0xx_hal_dma.o
#        C:\Users\User\Documents\STM32_Projects\stm32f070cb_elinkgate\EWARM\STM32F070CB-ELINKGATE\Obj\stm32f0xx_hal_exti.o
#        C:\Users\User\Documents\STM32_Projects\stm32f070cb_elinkgate\EWARM\STM32F070CB-ELINKGATE\Obj\stm32f0xx_hal_flash.o
#        C:\Users\User\Documents\STM32_Projects\stm32f070cb_elinkgate\EWARM\STM32F070CB-ELINKGATE\Obj\stm32f0xx_hal_flash_ex.o
#        C:\Users\User\Documents\STM32_Projects\stm32f070cb_elinkgate\EWARM\STM32F070CB-ELINKGATE\Obj\stm32f0xx_hal_gpio.o
#        C:\Users\User\Documents\STM32_Projects\stm32f070cb_elinkgate\EWARM\STM32F070CB-ELINKGATE\Obj\stm32f0xx_hal_i2c.o
#        C:\Users\User\Documents\STM32_Projects\stm32f070cb_elinkgate\EWARM\STM32F070CB-ELINKGATE\Obj\stm32f0xx_hal_i2c_ex.o
#        C:\Users\User\Documents\STM32_Projects\stm32f070cb_elinkgate\EWARM\STM32F070CB-ELINKGATE\Obj\stm32f0xx_hal_msp.o
#        C:\Users\User\Documents\STM32_Projects\stm32f070cb_elinkgate\EWARM\STM32F070CB-ELINKGATE\Obj\stm32f0xx_hal_pcd.o
#        C:\Users\User\Documents\STM32_Projects\stm32f070cb_elinkgate\EWARM\STM32F070CB-ELINKGATE\Obj\stm32f0xx_hal_pcd_ex.o
#        C:\Users\User\Documents\STM32_Projects\stm32f070cb_elinkgate\EWARM\STM32F070CB-ELINKGATE\Obj\stm32f0xx_hal_pwr.o
#        C:\Users\User\Documents\STM32_Projects\stm32f070cb_elinkgate\EWARM\STM32F070CB-ELINKGATE\Obj\stm32f0xx_hal_pwr_ex.o
#        C:\Users\User\Documents\STM32_Projects\stm32f070cb_elinkgate\EWARM\STM32F070CB-ELINKGATE\Obj\stm32f0xx_hal_rcc.o
#        C:\Users\User\Documents\STM32_Projects\stm32f070cb_elinkgate\EWARM\STM32F070CB-ELINKGATE\Obj\stm32f0xx_hal_rcc_ex.o
#        C:\Users\User\Documents\STM32_Projects\stm32f070cb_elinkgate\EWARM\STM32F070CB-ELINKGATE\Obj\stm32f0xx_hal_spi.o
#        C:\Users\User\Documents\STM32_Projects\stm32f070cb_elinkgate\EWARM\STM32F070CB-ELINKGATE\Obj\stm32f0xx_hal_spi_ex.o
#        C:\Users\User\Documents\STM32_Projects\stm32f070cb_elinkgate\EWARM\STM32F070CB-ELINKGATE\Obj\stm32f0xx_hal_tim.o
#        C:\Users\User\Documents\STM32_Projects\stm32f070cb_elinkgate\EWARM\STM32F070CB-ELINKGATE\Obj\stm32f0xx_hal_tim_ex.o
#        C:\Users\User\Documents\STM32_Projects\stm32f070cb_elinkgate\EWARM\STM32F070CB-ELINKGATE\Obj\stm32f0xx_hal_uart.o
#        C:\Users\User\Documents\STM32_Projects\stm32f070cb_elinkgate\EWARM\STM32F070CB-ELINKGATE\Obj\stm32f0xx_hal_uart_ex.o
#        C:\Users\User\Documents\STM32_Projects\stm32f070cb_elinkgate\EWARM\STM32F070CB-ELINKGATE\Obj\stm32f0xx_it.o
#        C:\Users\User\Documents\STM32_Projects\stm32f070cb_elinkgate\EWARM\STM32F070CB-ELINKGATE\Obj\stm32f0xx_ll_usb.o
#        C:\Users\User\Documents\STM32_Projects\stm32f070cb_elinkgate\EWARM\STM32F070CB-ELINKGATE\Obj\system_stm32f0xx.o
#        C:\Users\User\Documents\STM32_Projects\stm32f070cb_elinkgate\EWARM\STM32F070CB-ELINKGATE\Obj\usb_device.o
#        C:\Users\User\Documents\STM32_Projects\stm32f070cb_elinkgate\EWARM\STM32F070CB-ELINKGATE\Obj\usb_sw_selector.o
#        C:\Users\User\Documents\STM32_Projects\stm32f070cb_elinkgate\EWARM\STM32F070CB-ELINKGATE\Obj\usbd_conf.o
#        C:\Users\User\Documents\STM32_Projects\stm32f070cb_elinkgate\EWARM\STM32F070CB-ELINKGATE\Obj\usbd_core.o
#        C:\Users\User\Documents\STM32_Projects\stm32f070cb_elinkgate\EWARM\STM32F070CB-ELINKGATE\Obj\usbd_ctlreq.o
#        C:\Users\User\Documents\STM32_Projects\stm32f070cb_elinkgate\EWARM\STM32F070CB-ELINKGATE\Obj\usbd_custom_hid_if.o
#        C:\Users\User\Documents\STM32_Projects\stm32f070cb_elinkgate\EWARM\STM32F070CB-ELINKGATE\Obj\usbd_customhid.o
#        C:\Users\User\Documents\STM32_Projects\stm32f070cb_elinkgate\EWARM\STM32F070CB-ELINKGATE\Obj\usbd_desc.o
#        C:\Users\User\Documents\STM32_Projects\stm32f070cb_elinkgate\EWARM\STM32F070CB-ELINKGATE\Obj\usbd_ioreq.o
#        --no_out_extension -o
#        C:\Users\User\Documents\STM32_Projects\stm32f070cb_elinkgate\EWARM\STM32F070CB-ELINKGATE\Exe\STM32F070CB-ELINKGATE.out
#        --redirect _Printf=_PrintfFullNoMb --redirect _Scanf=_ScanfFullNoMb
#        --map
#        C:\Users\User\Documents\STM32_Projects\stm32f070cb_elinkgate\EWARM\STM32F070CB-ELINKGATE\List\STM32F070CB-ELINKGATE.map
#        --config
#        C:\Users\User\Documents\STM32_Projects\stm32f070cb_elinkgate\EWARM/stm32f070xb_flash.icf
#        --semihosting --entry __iar_program_start --vfe --text_out locale)
#
###############################################################################

*******************************************************************************
*** RUNTIME MODEL ATTRIBUTES
***

CppFlavor       = *
__Heap_Handler  = Basic
__SystemLibrary = DLib
__dlib_version  = 6


*******************************************************************************
*** HEAP SELECTION
***

The basic heap was selected because no calls to memory allocation
functions were found in the application outside of system library
functions, and there are calls to deallocation functions in the
application.


*******************************************************************************
*** PLACEMENT SUMMARY
***

"A0":  place at address 0x800'0000 { ro section .intvec };
"P1":  place in [from 0x800'0000 to 0x801'ffff] { ro };
define block CSTACK with size = 1K, alignment = 8 { };
define block HEAP with size = 512, alignment = 8 { };
"P2":  place in [from 0x2000'0000 to 0x2000'3fff] {
          rw, block CSTACK, block HEAP };
initialize by copy { rw };

  Section            Kind         Address    Size  Object
  -------            ----         -------    ----  ------
"A0":                                        0xc0
  .intvec            ro code   0x800'0000    0xc0  startup_stm32f070xb.o [1]
                             - 0x800'00c0    0xc0

"P1":                                      0x71e3
  .text              ro code   0x800'00c0  0x1054  xprintffull_nomb.o [2]
  .text              ro code   0x800'1114    0x12  strchr.o [4]
  .text              ro code   0x800'1126    0x7e  lz77_init_single.o [4]
  .text              ro code   0x800'11a4    0x48  xfail_s.o [2]
  .text              ro code   0x800'11ec     0xe  strlen.o [4]
  .rodata            const     0x800'11fa     0x2  xlocale_c.o [2]
  .text              ro code   0x800'11fc    0x16  memchr.o [4]
  .text              ro code   0x800'1212     0x2  startup_stm32f070xb.o [1]
  .text              ro code   0x800'1214    0x4e  ABImemcpy.o [4]
  .text              ro code   0x800'1262    0x32  DblCmpLe.o [3]
  .text              ro code   0x800'1294    0x32  DblCmpGe.o [3]
  .text              ro code   0x800'12c6     0x2  startup_stm32f070xb.o [1]
  .text              ro code   0x800'12c8    0x52  DblToI32.o [3]
  .text              ro code   0x800'131a     0x2  startup_stm32f070xb.o [1]
  .text              ro code   0x800'131c    0x34  IxxToDbl.o [3]
  .text              ro code   0x800'1350   0x1a8  DblAddSub.o [3]
  .text              ro code   0x800'14f8    0x5e  I32DivMod.o [4]
  .text              ro code   0x800'1556    0xc2  DblDiv.o [3]
  .text              ro code   0x800'1618   0x184  DblMul.o [3]
  .text              ro code   0x800'179c     0xc  xlocale_c.o [2]
  .text              ro code   0x800'17a8    0x6a  I64DivMod.o [4]
  .text              ro code   0x800'1812     0xa  abort.o [2]
  .text              ro code   0x800'181c     0x2  IntDivZer.o [4]
  .text              ro code   0x800'181e     0x2  startup_stm32f070xb.o [1]
  .text              ro code   0x800'1820     0x2  I64DivZer.o [4]
  .text              ro code   0x800'1822     0x2  startup_stm32f070xb.o [1]
  .text              ro code   0x800'1824    0x14  exit.o [5]
  .text              ro code   0x800'1838    0x7c  iarttio.o [5]
  .text              ro code   0x800'18b4     0x8  XShttio.o [2]
  .text              ro code   0x800'18bc   0xc70  stm32f0xx_hal_pcd.o [1]
  .text              ro code   0x800'252c   0x23e  usbd_conf.o [1]
  .text              ro code   0x800'276a     0x2  startup_stm32f070xb.o [1]
  .text              ro code   0x800'276c   0xa68  stm32f0xx_ll_usb.o [1]
  .text              ro code   0x800'31d4    0x68  stm32f0xx_hal_pcd_ex.o [1]
  .text              ro code   0x800'323c    0x8c  stm32f0xx_hal_cortex.o [1]
  .text              ro code   0x800'32c8   0x2b0  usbd_core.o [1]
  .text              ro code   0x800'3578   0x4e4  main.o [1]
  .text              ro code   0x800'3a5c   0x4a8  usbd_ctlreq.o [1]
  .text              ro code   0x800'3f04    0x7e  usbd_ioreq.o [1]
  .text              ro code   0x800'3f82     0x2  startup_stm32f070xb.o [1]
  .text              ro code   0x800'3f84    0x54  stm32f0xx_hal.o [1]
  .text              ro code   0x800'3fd8    0x10  ABImemset_small.o [4]
  .text              ro code   0x800'3fe8   0x1b4  stm32f0xx_hal_gpio.o [1]
  .text              ro code   0x800'419c    0x58  usb_device.o [1]
  .text              ro code   0x800'41f4   0x438  stm32f0xx_hal_adc.o [1]
  .text              ro code   0x800'462c   0x454  stm32f0xx_hal_i2c.o [1]
  .text              ro code   0x800'4a80    0x8c  stm32f0xx_hal_i2c_ex.o [1]
  .text              ro code   0x800'4b0c   0x108  stm32f0xx_hal_spi.o [1]
  .text              ro code   0x800'4c14   0x3e0  stm32f0xx_hal_uart.o [1]
  .text              ro code   0x800'4ff4    0x28  printf.o [2]
  .text              ro code   0x800'501c    0xa2  elinkswitch.o [1]
  .text              ro code   0x800'50be     0x2  startup_stm32f070xb.o [1]
  .text              ro code   0x800'50c0   0x328  elinkswitch_gpio.o [1]
  .text              ro code   0x800'53e8    0xc8  stm32f0xx_hal_adc_ex.o [1]
  .text              ro code   0x800'54b0   0x2fc  IS31FL3218.o [1]
  .text              ro code   0x800'57ac     0xc  stm32f0xx_hal.o [1]
  .text              ro code   0x800'57b8    0x28  stm32f0xx_hal.o [1]
  .text              ro code   0x800'57e0   0x544  stm32f0xx_hal_rcc.o [1]
  .text              ro code   0x800'5d24   0x10c  stm32f0xx_hal_rcc_ex.o [1]
  .text              ro code   0x800'5e30    0x44  stm32f0xx_hal.o [1]
  .text              ro code   0x800'5e74   0x258  stm32f0xx_hal_msp.o [1]
  .text              ro code   0x800'60cc   0x23e  usbd_customhid.o [1]
  .text              ro code   0x800'630a     0x2  startup_stm32f070xb.o [1]
  .text              ro code   0x800'630c   0x1c4  stm32f0xx_hal_dma.o [1]
  .text              ro code   0x800'64d0     0x2  stm32f0xx_hal_adc.o [1]
  .text              ro code   0x800'64d2     0x2  stm32f0xx_hal_adc.o [1]
  .text              ro code   0x800'64d4     0x2  stm32f0xx_hal_adc.o [1]
  .text              ro code   0x800'64d6     0x2  startup_stm32f070xb.o [1]
  .text              ro code   0x800'64d8   0x150  lwbtn.o [1]
  .text              ro code   0x800'6628    0x14  memset.o [4]
  .text              ro code   0x800'663c   0x140  heap0.o [2]
  .text              ro code   0x800'677c    0x2c  xgetmemchunk.o [2]
  .text              ro code   0x800'67a8    0xf8  usbd_desc.o [1]
  .text              ro code   0x800'68a0    0xe0  xfspos.o [2]
  .text              ro code   0x800'6980    0xb4  fflush.o [2]
  .text              ro code   0x800'6a34     0xc  xfgpos.o [2]
  .text              ro code   0x800'6a40    0x4a  lseek.o [5]
  .text              ro code   0x800'6a8a    0x10  write.o [5]
  .text              ro code   0x800'6a9a     0x2  startup_stm32f070xb.o [1]
  .text              ro code   0x800'6a9c    0xc4  XShHandles.o [2]
  .text              ro code   0x800'6b60    0x1e  dwrite.o [5]
  .text              ro code   0x800'6b7e    0x20  iarwstd.o [5]
  .text              ro code   0x800'6b9e    0x22  iarwrite.o [5]
  .text              ro code   0x800'6bc0    0xc0  xfwprep.o [2]
  .text              ro code   0x800'6c80    0x24  fseek.o [2]
  .text              ro code   0x800'6ca4    0xa8  xfofind.o [2]
  .text              ro code   0x800'6d4c     0x8  heaptramp0.o [2]
  .text              ro code   0x800'6d54    0x80  fclose.o [2]
  .text              ro code   0x800'6dd4    0x18  close.o [5]
  .text              ro code   0x800'6dec    0x14  remove.o [5]
  .rodata            const     0x800'6e00    0x6a  xprintffull_nomb.o [2]
  .text              ro code   0x800'6e6a    0x54  fputc.o [2]
  .text              ro code   0x800'6ebe    0x3c  zero_init3.o [4]
  .text              ro code   0x800'6efa     0x2  startup_stm32f070xb.o [1]
  .text              ro code   0x800'6efc    0x38  usbd_custom_hid_if.o [1]
  .text              ro code   0x800'6f34    0x38  xcloseall.o [2]
  .text              ro code   0x800'6f6c    0x34  stm32f0xx_it.o [1]
  .text              ro code   0x800'6fa0    0x10  stm32f0xx_hal.o [1]
  .text              ro code   0x800'6fb0    0x28  data_init.o [4]
  .rodata            const     0x800'6fd8    0x24  main.o [1]
  .iar.init_table    const     0x800'6ffc    0x20  - Linker created -
  .text              ro code   0x800'701c    0x1e  cmain.o [4]
  .text              ro code   0x800'703a     0x4  low_level_init.o [2]
  .text              ro code   0x800'703e     0x8  exit.o [2]
  .text              ro code   0x800'7046     0x2  startup_stm32f070xb.o [1]
  .text              ro code   0x800'7048     0xe  cexit.o [4]
  .text              ro code   0x800'7056     0x2  startup_stm32f070xb.o [1]
  .text              ro code   0x800'7058    0x1c  cstartup_M.o [4]
  .text              ro code   0x800'7074    0x16  xprout.o [2]
  .text              ro code   0x800'708a     0x2  startup_stm32f070xb.o [1]
  .text              ro code   0x800'708c    0x10  putchar.o [2]
  .text              ro code   0x800'709c    0x14  system_stm32f0xx.o [1]
  .rodata            const     0x800'70b0    0x10  elinkswitch_gpio.o [1]
  .text              ro code   0x800'70c0    0x10  startup_stm32f070xb.o [1]
  .rodata            const     0x800'70d0     0x8  system_stm32f0xx.o [1]
  .text              ro code   0x800'70d8     0x2  startup_stm32f070xb.o [1]
  .text              ro code   0x800'70da     0x2  startup_stm32f070xb.o [1]
  .text              ro code   0x800'70dc     0x2  startup_stm32f070xb.o [1]
  .text              ro code   0x800'70de     0x2  startup_stm32f070xb.o [1]
  .text              ro code   0x800'70e0     0x2  startup_stm32f070xb.o [1]
  .text              ro code   0x800'70e2     0x2  startup_stm32f070xb.o [1]
  .text              ro code   0x800'70e4     0x2  startup_stm32f070xb.o [1]
  .text              ro code   0x800'70e6     0x2  startup_stm32f070xb.o [1]
  .text              ro code   0x800'70e8     0x2  startup_stm32f070xb.o [1]
  .text              ro code   0x800'70ea     0x2  startup_stm32f070xb.o [1]
  .text              ro code   0x800'70ec     0x2  startup_stm32f070xb.o [1]
  .rodata            const     0x800'70ee     0x1  xlocale_c.o [2]
  .text              ro code   0x800'70f0     0x0  cstart_closeall.o [4]
  .rodata            const     0x800'70f0     0x0  zero_init3.o [4]
  .rodata            const     0x800'70f0     0x0  lz77_init_single.o [4]
  Initializer bytes  const     0x800'70f0   0x1b3  <for P2-1>
                             - 0x800'72a3  0x71e3

"P2", part 1 of 3:                          0x4a1
  P2-1                        0x2000'0000   0x4a1  <Init block>
    .data            inited   0x2000'0000   0x1c0  elinkswitch_gpio.o [1]
    .data            inited   0x2000'01c0    0x40  IS31FL3218.o [1]
    .data            inited   0x2000'0200     0xc  stm32f0xx_hal.o [1]
    .data            inited   0x2000'020c     0x4  system_stm32f0xx.o [1]
    .data            inited   0x2000'0210    0x24  usbd_custom_hid_if.o [1]
    .data            inited   0x2000'0234    0x10  usbd_custom_hid_if.o [1]
    .data            inited   0x2000'0244    0x38  usbd_customhid.o [1]
    .data            inited   0x2000'027c    0x2c  usbd_customhid.o [1]
    .data            inited   0x2000'02a8    0x2c  usbd_customhid.o [1]
    .data            inited   0x2000'02d4    0x2c  usbd_customhid.o [1]
    .data            inited   0x2000'0300     0xc  usbd_customhid.o [1]
    .data            inited   0x2000'030c     0xc  usbd_customhid.o [1]
    .data            inited   0x2000'0318    0x1c  usbd_desc.o [1]
    .data            inited   0x2000'0334    0x14  usbd_desc.o [1]
    .data            inited   0x2000'0348     0x4  usbd_desc.o [1]
    .data            inited   0x2000'034c    0x1c  usbd_desc.o [1]
    .data            inited   0x2000'0368    0x38  xlocale_c.o [2]
    .data            inited   0x2000'03a0    0x48  xfiles.o [2]
    .data            inited   0x2000'03e8    0x48  xfiles.o [2]
    .data            inited   0x2000'0430    0x48  xfiles.o [2]
    .data            inited   0x2000'0478    0x20  xfiles.o [2]
    .data            inited   0x2000'0498     0x8  XShttio.o [2]
    .data            inited   0x2000'04a0     0x1  IS31FL3218.o [1]
                            - 0x2000'04a1   0x4a1

"P2", part 2 of 3:                          0xc64
  .bss               zero     0x2000'04a4   0x2f4  usbd_conf.o [1]
  .bss               zero     0x2000'0798   0x2c4  usb_device.o [1]
  .bss               zero     0x2000'0a5c   0x248  main.o [1]
  .bss               zero     0x2000'0ca4   0x200  usbd_desc.o [1]
  .bss               zero     0x2000'0ea4    0x80  XShHandles.o [2]
  .bss               zero     0x2000'0f24    0x58  usbd_conf.o [1]
  .bss               zero     0x2000'0f7c    0x50  xfiles.o [2]
  .bss               zero     0x2000'0fcc    0x50  xfiles.o [2]
  .bss               zero     0x2000'101c    0x44  main.o [1]
  .bss               zero     0x2000'1060    0x40  main.o [1]
  .bss               zero     0x2000'10a0    0x2c  elinkswitch.o [1]
  .bss               zero     0x2000'10cc    0x10  lwbtn.o [1]
  .bss               zero     0x2000'10dc     0x8  heap0.o [2]
  .bss               zero     0x2000'10e4     0x4  IS31FL3218.o [1]
  .bss               zero     0x2000'10e8     0x4  IS31FL3218.o [1]
  .bss               zero     0x2000'10ec     0x4  IS31FL3218.o [1]
  .bss               zero     0x2000'10f0     0x4  main.o [1]
  .bss               zero     0x2000'10f4     0x4  main.o [1]
  .bss               zero     0x2000'10f8     0x4  xfail_s.o [2]
  .bss               zero     0x2000'10fc     0x4  xgetmemchunk.o [2]
  .bss               zero     0x2000'1100     0x1  IS31FL3218.o [1]
  .bss               zero     0x2000'1101     0x1  main.o [1]
  .bss               zero     0x2000'1102     0x1  main.o [1]
  .bss               zero     0x2000'1103     0x1  main.o [1]
  .bss               zero     0x2000'1104     0x1  usbd_ctlreq.o [1]
                            - 0x2000'1105   0xc61

"P2", part 3 of 3:                          0x600
  CSTACK                      0x2000'1108   0x400  <Block>
    CSTACK           uninit   0x2000'1108   0x400  <Block tail>
  HEAP                        0x2000'1508   0x200  <Block>
    HEAP             uninit   0x2000'1508   0x200  <Block tail>
                            - 0x2000'1708   0x600

Unused ranges:

         From           To      Size
         ----           --      ----
   0x800'72a3   0x801'ffff  0x1'8d5d
  0x2000'04a1  0x2000'04a3       0x3
  0x2000'1708  0x2000'3fff    0x28f8


*******************************************************************************
*** INIT TABLE
***

          Address      Size
          -------      ----
Zero (__iar_zero_init3)
    1 destination range, total size 0xc61:
          0x2000'04a4  0xc61

Copy/lz77 (__iar_lz77_init_single3)
    1 source range, total size 0x1b3 (36% of destination):
           0x800'70f0  0x1b3
    1 destination range, total size 0x4a1:
          0x2000'0000  0x4a1



*******************************************************************************
*** MODULE SUMMARY
***

    Module                  ro code  ro data  rw data
    ------                  -------  -------  -------
command line/config:
    -------------------------------------------------
    Total:

C:\Users\User\Documents\STM32_Projects\stm32f070cb_elinkgate\EWARM\STM32F070CB-ELINKGATE\Obj: [1]
    IS31FL3218.o                764       24       78
    elinkswitch.o               162                44
    elinkswitch_gpio.o          808      180      448
    lwbtn.o                     336                16
    main.o                    1'252       36      727
    startup_stm32f070xb.o       260
    stm32f0xx_hal.o             220        5       12
    stm32f0xx_hal_adc.o       1'086
    stm32f0xx_hal_adc_ex.o      200
    stm32f0xx_hal_cortex.o      140
    stm32f0xx_hal_dma.o         452
    stm32f0xx_hal_gpio.o        436
    stm32f0xx_hal_i2c.o       1'108
    stm32f0xx_hal_i2c_ex.o      140
    stm32f0xx_hal_msp.o         600
    stm32f0xx_hal_pcd.o       3'184
    stm32f0xx_hal_pcd_ex.o      104
    stm32f0xx_hal_rcc.o       1'348
    stm32f0xx_hal_rcc_ex.o      268
    stm32f0xx_hal_spi.o         264
    stm32f0xx_hal_uart.o        992
    stm32f0xx_it.o               52
    stm32f0xx_ll_usb.o        2'664
    system_stm32f0xx.o           20        9        4
    usb_device.o                 88               708
    usbd_conf.o                 574               844
    usbd_core.o                 688
    usbd_ctlreq.o             1'192                 1
    usbd_custom_hid_if.o         56       19       52
    usbd_customhid.o            574       78      212
    usbd_desc.o                 248       30      592
    usbd_ioreq.o                126
    -------------------------------------------------
    Total:                   20'406      381    3'738

dl6M_tlf.a: [2]
    XShHandles.o                196               128
    XShttio.o                     8        3        8
    abort.o                      10
    exit.o                        8
    fclose.o                    128
    fflush.o                    180
    fputc.o                      84
    fseek.o                      36
    heap0.o                     320                 8
    heaptramp0.o                  8
    low_level_init.o              4
    printf.o                     40
    putchar.o                    16
    xcloseall.o                  56
    xfail_s.o                    72                 4
    xfgpos.o                     12
    xfiles.o                              91      408
    xfofind.o                   168
    xfspos.o                    224
    xfwprep.o                   192
    xgetmemchunk.o               44                 4
    xlocale_c.o                  12       23       56
    xprintffull_nomb.o        4'180      106
    xprout.o                     22
    -------------------------------------------------
    Total:                    6'020      223      616

m6M_tl.a: [3]
    DblAddSub.o                 424
    DblCmpGe.o                   50
    DblCmpLe.o                   50
    DblDiv.o                    194
    DblMul.o                    388
    DblToI32.o                   82
    IxxToDbl.o                   52
    -------------------------------------------------
    Total:                    1'240

rt6M_tl.a: [4]
    ABImemcpy.o                  78
    ABImemset_small.o            16
    I32DivMod.o                  94
    I64DivMod.o                 106
    I64DivZer.o                   2
    IntDivZer.o                   2
    cexit.o                      14
    cmain.o                      30
    cstart_closeall.o
    cstartup_M.o                 28
    data_init.o                  40
    lz77_init_single.o          126
    memchr.o                     22
    memset.o                     20
    strchr.o                     18
    strlen.o                     14
    zero_init3.o                 60
    -------------------------------------------------
    Total:                      670

shb_l.a: [5]
    close.o                      24
    dwrite.o                     30
    exit.o                       20
    iarttio.o                   124
    iarwrite.o                   34
    iarwstd.o                    32
    lseek.o                      74
    remove.o                     20
    write.o                      16
    -------------------------------------------------
    Total:                      374

    Gaps                          1
    Linker created                        32    1'536
-----------------------------------------------------
    Grand Total:             28'711      636    5'890


*******************************************************************************
*** ENTRY LIST
***

Entry                       Address   Size  Type      Object
-----                       -------   ----  ----      ------
.iar.init_table$$Base    0x800'6ffc          --   Gb  - Linker created -
.iar.init_table$$Limit   0x800'701c          --   Gb  - Linker created -
?main                    0x800'701d         Code  Gb  cmain.o [4]
ADC_DMAConvCplt          0x800'4585   0x6a  Code  Lc  stm32f0xx_hal_adc.o [1]
ADC_DMAError             0x800'4613   0x1a  Code  Lc  stm32f0xx_hal_adc.o [1]
ADC_DMAHalfConvCplt      0x800'4609    0xa  Code  Lc  stm32f0xx_hal_adc.o [1]
ADC_Enable               0x800'44fd   0x7e  Code  Lc  stm32f0xx_hal_adc.o [1]
AHBPrescTable            0x800'70a0   0x10  Data  Gb  system_stm32f0xx.o [1]
APBPrescTable            0x800'70d0    0x8  Data  Gb  system_stm32f0xx.o [1]
Aldata                  0x2000'10dc    0x8  Data  Lc  heap0.o [2]
CSTACK$$Base            0x2000'1108          --   Gb  - Linker created -
CSTACK$$Limit           0x2000'1508          --   Gb  - Linker created -
CUSTOM_HID_DeInit_FS     0x800'6f01    0x4  Code  Lc  usbd_custom_hid_if.o [1]
CUSTOM_HID_Init_FS       0x800'6efd    0x4  Code  Lc  usbd_custom_hid_if.o [1]
CUSTOM_HID_OutEvent_FS   0x800'6f05   0x22  Code  Lc  usbd_custom_hid_if.o [1]
CUSTOM_HID_ReportDesc_FS
                        0x2000'0210   0x24  Data  Lc  usbd_custom_hid_if.o [1]
DEVID                   0x2000'0c98    0x4  Data  Gb  main.o [1]
DMA1_Channel1_IRQHandler
                         0x800'6f8f    0xa  Code  Gb  stm32f0xx_it.o [1]
DMA_CalcBaseAndBitshift
                         0x800'64af   0x1a  Code  Lc  stm32f0xx_hal_dma.o [1]
DMA_SetConfig            0x800'648d   0x22  Code  Lc  stm32f0xx_hal_dma.o [1]
Error_Handler            0x800'3a0d    0x4  Code  Gb  main.o [1]
FS_Desc                 0x2000'0318   0x1c  Data  Gb  usbd_desc.o [1]
HAL_ADCEx_Calibration_Start
                         0x800'53e9   0xc8  Code  Gb  stm32f0xx_hal_adc_ex.o [1]
HAL_ADC_ConfigChannel    0x800'43fd   0xf0  Code  Gb  stm32f0xx_hal_adc.o [1]
HAL_ADC_Init             0x800'41f5  0x166  Code  Gb  stm32f0xx_hal_adc.o [1]
HAL_ADC_MspInit          0x800'5e9f   0x82  Code  Gb  stm32f0xx_hal_msp.o [1]
HAL_ADC_Start_DMA        0x800'4369   0x8e  Code  Gb  stm32f0xx_hal_adc.o [1]
HAL_DMA_IRQHandler       0x800'63cd   0xc0  Code  Gb  stm32f0xx_hal_dma.o [1]
HAL_DMA_Init             0x800'630d   0x4c  Code  Gb  stm32f0xx_hal_dma.o [1]
HAL_DMA_Start_IT         0x800'635d   0x70  Code  Gb  stm32f0xx_hal_dma.o [1]
HAL_Delay                0x800'57b9   0x28  Code  Wk  stm32f0xx_hal.o [1]
HAL_GPIO_Init            0x800'3fe9  0x190  Code  Gb  stm32f0xx_hal_gpio.o [1]
HAL_GPIO_WritePin        0x800'4179    0xc  Code  Gb  stm32f0xx_hal_gpio.o [1]
HAL_GetDEVID             0x800'3fa7    0xa  Code  Gb  stm32f0xx_hal.o [1]
HAL_GetREVID             0x800'3f9f    0x8  Code  Gb  stm32f0xx_hal.o [1]
HAL_GetTick              0x800'57ad    0xc  Code  Wk  stm32f0xx_hal.o [1]
HAL_GetUIDw0             0x800'3fb1    0x6  Code  Gb  stm32f0xx_hal.o [1]
HAL_GetUIDw1             0x800'3fb7    0x6  Code  Gb  stm32f0xx_hal.o [1]
HAL_GetUIDw2             0x800'3fbd    0x6  Code  Gb  stm32f0xx_hal.o [1]
HAL_I2CEx_ConfigAnalogFilter
                         0x800'4a81   0x3a  Code  Gb  stm32f0xx_hal_i2c_ex.o [1]
HAL_I2CEx_ConfigDigitalFilter
                         0x800'4abb   0x36  Code  Gb  stm32f0xx_hal_i2c_ex.o [1]
HAL_I2C_Init             0x800'462d   0xa8  Code  Gb  stm32f0xx_hal_i2c.o [1]
HAL_I2C_Mem_Write        0x800'4705  0x15e  Code  Gb  stm32f0xx_hal_i2c.o [1]
HAL_I2C_MspInit          0x800'5f21   0x8a  Code  Gb  stm32f0xx_hal_msp.o [1]
HAL_IncTick              0x800'6fa1   0x10  Code  Wk  stm32f0xx_hal.o [1]
HAL_Init                 0x800'3f85   0x1a  Code  Gb  stm32f0xx_hal.o [1]
HAL_InitTick             0x800'5e31   0x44  Code  Wk  stm32f0xx_hal.o [1]
HAL_MspInit              0x800'5e75   0x2a  Code  Gb  stm32f0xx_hal_msp.o [1]
HAL_NVIC_EnableIRQ       0x800'327f   0x12  Code  Gb  stm32f0xx_hal_cortex.o [1]
HAL_NVIC_SetPriority     0x800'3277    0x8  Code  Gb  stm32f0xx_hal_cortex.o [1]
HAL_PCDEx_ActivateLPM    0x800'3217   0x24  Code  Gb  stm32f0xx_hal_pcd_ex.o [1]
HAL_PCDEx_LPM_Callback   0x800'323b    0x2  Code  Wk  stm32f0xx_hal_pcd_ex.o [1]
HAL_PCDEx_PMAConfig      0x800'31d5   0x3a  Code  Gb  stm32f0xx_hal_pcd_ex.o [1]
HAL_PCD_DataInStageCallback
                         0x800'258f   0x18  Code  Gb  usbd_conf.o [1]
HAL_PCD_DataOutStageCallback
                         0x800'2573   0x1c  Code  Gb  usbd_conf.o [1]
HAL_PCD_EP_Close         0x800'23c7   0x46  Code  Gb  stm32f0xx_hal_pcd.o [1]
HAL_PCD_EP_ClrStall      0x800'24cb   0x56  Code  Gb  stm32f0xx_hal_pcd.o [1]
HAL_PCD_EP_Open          0x800'2367   0x60  Code  Gb  stm32f0xx_hal_pcd.o [1]
HAL_PCD_EP_Receive       0x800'240d   0x30  Code  Gb  stm32f0xx_hal_pcd.o [1]
HAL_PCD_EP_SetStall      0x800'2471   0x5a  Code  Gb  stm32f0xx_hal_pcd.o [1]
HAL_PCD_EP_Transmit      0x800'243d   0x34  Code  Gb  stm32f0xx_hal_pcd.o [1]
HAL_PCD_IRQHandler       0x800'1991  0x9a0  Code  Gb  stm32f0xx_hal_pcd.o [1]
HAL_PCD_Init             0x800'18bd   0xa8  Code  Gb  stm32f0xx_hal_pcd.o [1]
HAL_PCD_MspInit          0x800'252d   0x32  Code  Gb  usbd_conf.o [1]
HAL_PCD_ResetCallback    0x800'25b5   0x24  Code  Gb  usbd_conf.o [1]
HAL_PCD_ResumeCallback   0x800'25f9   0x24  Code  Gb  usbd_conf.o [1]
HAL_PCD_SOFCallback      0x800'25a7    0xe  Code  Gb  usbd_conf.o [1]
HAL_PCD_SetAddress       0x800'2341   0x26  Code  Gb  stm32f0xx_hal_pcd.o [1]
HAL_PCD_SetupStageCallback
                         0x800'255f   0x14  Code  Gb  usbd_conf.o [1]
HAL_PCD_Start            0x800'1965   0x2a  Code  Gb  stm32f0xx_hal_pcd.o [1]
HAL_PCD_SuspendCallback
                         0x800'25d9   0x20  Code  Gb  usbd_conf.o [1]
HAL_RCCEx_PeriphCLKConfig
                         0x800'5d25   0xf4  Code  Gb  stm32f0xx_hal_rcc_ex.o [1]
HAL_RCC_ClockConfig      0x800'5b79   0xfc  Code  Gb  stm32f0xx_hal_rcc.o [1]
HAL_RCC_GetPCLK1Freq     0x800'5cc9   0x14  Code  Gb  stm32f0xx_hal_rcc.o [1]
HAL_RCC_GetSysClockFreq
                         0x800'5c7d   0x48  Code  Gb  stm32f0xx_hal_rcc.o [1]
HAL_RCC_GetSysClockFreq::aPLLMULFactorTable
                         0x800'5d04   0x10  Data  Lc  stm32f0xx_hal_rcc.o [1]
HAL_RCC_GetSysClockFreq::aPredivFactorTable
                         0x800'5d14   0x10  Data  Lc  stm32f0xx_hal_rcc.o [1]
HAL_RCC_OscConfig        0x800'57e1  0x38a  Code  Gb  stm32f0xx_hal_rcc.o [1]
HAL_SPI_Init             0x800'4b0d  0x104  Code  Gb  stm32f0xx_hal_spi.o [1]
HAL_SPI_MspInit          0x800'5fab   0x94  Code  Gb  stm32f0xx_hal_msp.o [1]
HAL_SYSTICK_Config       0x800'3291   0x28  Code  Gb  stm32f0xx_hal_cortex.o [1]
HAL_UART_Init            0x800'4c15   0x56  Code  Gb  stm32f0xx_hal_uart.o [1]
HAL_UART_MspInit         0x800'603f   0x62  Code  Gb  stm32f0xx_hal_msp.o [1]
HEAP$$Base              0x2000'1508          --   Gb  - Linker created -
HEAP$$Limit             0x2000'1708          --   Gb  - Linker created -
HardFault_Handler        0x800'6f6f    0x2  Code  Gb  stm32f0xx_it.o [1]
I2C_Flush_TXDR           0x800'48c9   0x1c  Code  Lc  stm32f0xx_hal_i2c.o [1]
I2C_IsAcknowledgeFailed
                         0x800'49d7   0x80  Code  Lc  stm32f0xx_hal_i2c.o [1]
I2C_RequestMemoryWrite   0x800'4869   0x5c  Code  Lc  stm32f0xx_hal_i2c.o [1]
I2C_TransferConfig       0x800'4a57   0x22  Code  Lc  stm32f0xx_hal_i2c.o [1]
I2C_WaitOnFlagUntilTimeout
                         0x800'48e5   0x58  Code  Lc  stm32f0xx_hal_i2c.o [1]
I2C_WaitOnSTOPFlagUntilTimeout
                         0x800'498f   0x48  Code  Lc  stm32f0xx_hal_i2c.o [1]
I2C_WaitOnTXISFlagUntilTimeout
                         0x800'493d   0x52  Code  Lc  stm32f0xx_hal_i2c.o [1]
IntToUnicode             0x800'6829   0x26  Code  Lc  usbd_desc.o [1]
LL_GPIO_IsInputPinSet    0x800'50c1   0x10  Code  Lc  elinkswitch_gpio.o [1]
MX_USB_DEVICE_Init       0x800'419d   0x58  Code  Gb  usb_device.o [1]
NMI_Handler              0x800'6f6d    0x2  Code  Gb  stm32f0xx_it.o [1]
PendSV_Handler           0x800'6f73    0x2  Code  Gb  stm32f0xx_it.o [1]
REVID                   0x2000'0c94    0x4  Data  Gb  main.o [1]
Region$$Table$$Base      0x800'6ffc          --   Gb  - Linker created -
Region$$Table$$Limit     0x800'701c          --   Gb  - Linker created -
SVC_Handler              0x800'6f71    0x2  Code  Gb  stm32f0xx_it.o [1]
SysTick_Handler          0x800'6f75   0x10  Code  Gb  stm32f0xx_it.o [1]
SystemClock_Config       0x800'395d   0x84  Code  Gb  main.o [1]
SystemCoreClock         0x2000'020c    0x4  Data  Gb  system_stm32f0xx.o [1]
SystemInit               0x800'709d    0x2  Code  Gb  system_stm32f0xx.o [1]
UART_AdvFeatureConfig    0x800'4d97   0xc8  Code  Gb  stm32f0xx_hal_uart.o [1]
UART_CheckIdleState      0x800'4e65   0x60  Code  Gb  stm32f0xx_hal_uart.o [1]
UART_SetConfig           0x800'4c81  0x116  Code  Gb  stm32f0xx_hal_uart.o [1]
UART_WaitOnFlagUntilTimeout
                         0x800'4ee1   0xde  Code  Gb  stm32f0xx_hal_uart.o [1]
UID                     0x2000'0c80   0x10  Data  Gb  main.o [1]
USBD_CUSTOM_HID         0x2000'0244   0x38  Data  Gb  usbd_customhid.o [1]
USBD_CUSTOM_HID_CfgFSDesc
                        0x2000'027c   0x2c  Data  Lc  usbd_customhid.o [1]
USBD_CUSTOM_HID_CfgHSDesc
                        0x2000'02a8   0x2c  Data  Lc  usbd_customhid.o [1]
USBD_CUSTOM_HID_DataIn   0x800'6287   0x10  Code  Lc  usbd_customhid.o [1]
USBD_CUSTOM_HID_DataOut
                         0x800'6297   0x24  Code  Lc  usbd_customhid.o [1]
USBD_CUSTOM_HID_DeInit   0x800'6127   0x3a  Code  Lc  usbd_customhid.o [1]
USBD_CUSTOM_HID_Desc    0x2000'0300    0xc  Data  Lc  usbd_customhid.o [1]
USBD_CUSTOM_HID_DeviceQualifierDesc
                        0x2000'030c    0xc  Data  Lc  usbd_customhid.o [1]
USBD_CUSTOM_HID_EP0_RxReady
                         0x800'62bb   0x20  Code  Lc  usbd_customhid.o [1]
USBD_CUSTOM_HID_GetDeviceQualifierDesc
                         0x800'62db    0x8  Code  Lc  usbd_customhid.o [1]
USBD_CUSTOM_HID_GetFSCfgDesc
                         0x800'626f    0x8  Code  Lc  usbd_customhid.o [1]
USBD_CUSTOM_HID_GetHSCfgDesc
                         0x800'6277    0x8  Code  Lc  usbd_customhid.o [1]
USBD_CUSTOM_HID_GetOtherSpeedCfgDesc
                         0x800'627f    0x8  Code  Lc  usbd_customhid.o [1]
USBD_CUSTOM_HID_Init     0x800'60cd   0x5a  Code  Lc  usbd_customhid.o [1]
USBD_CUSTOM_HID_OtherSpeedCfgDesc
                        0x2000'02d4   0x2c  Data  Lc  usbd_customhid.o [1]
USBD_CUSTOM_HID_RegisterInterface
                         0x800'62f9   0x12  Code  Gb  usbd_customhid.o [1]
USBD_CUSTOM_HID_SendReport
                         0x800'623f   0x30  Code  Gb  usbd_customhid.o [1]
USBD_CUSTOM_HID_Setup    0x800'6161   0xde  Code  Lc  usbd_customhid.o [1]
USBD_ClrClassConfig      0x800'3331    0xa  Code  Gb  usbd_core.o [1]
USBD_CtlContinueRx       0x800'3f4b    0x8  Code  Gb  usbd_ioreq.o [1]
USBD_CtlContinueSendData
                         0x800'3f21    0x8  Code  Gb  usbd_ioreq.o [1]
USBD_CtlError            0x800'3ead   0x14  Code  Gb  usbd_ctlreq.o [1]
USBD_CtlPrepareRx        0x800'3f29   0x22  Code  Gb  usbd_ioreq.o [1]
USBD_CtlReceiveStatus    0x800'3f6b    0xe  Code  Gb  usbd_ioreq.o [1]
USBD_CtlSendData         0x800'3f05   0x1c  Code  Gb  usbd_ioreq.o [1]
USBD_CtlSendStatus       0x800'3f53    0xe  Code  Gb  usbd_ioreq.o [1]
USBD_CustomHID_fops_FS  0x2000'0234   0x10  Data  Gb  usbd_custom_hid_if.o [1]
USBD_FS_ConfigStrDescriptor
                         0x800'67f9    0x6  Code  Gb  usbd_desc.o [1]
USBD_FS_DeviceDesc      0x2000'0334   0x14  Data  Gb  usbd_desc.o [1]
USBD_FS_DeviceDescriptor
                         0x800'67a9    0x8  Code  Gb  usbd_desc.o [1]
USBD_FS_InterfaceStrDescriptor
                         0x800'6821    0x8  Code  Gb  usbd_desc.o [1]
USBD_FS_LangIDStrDescriptor
                         0x800'67b1    0x8  Code  Gb  usbd_desc.o [1]
USBD_FS_ManufacturerStrDescriptor
                         0x800'67c1    0xc  Code  Gb  usbd_desc.o [1]
USBD_FS_ProductStrDescriptor
                         0x800'67b9    0x8  Code  Gb  usbd_desc.o [1]
USBD_FS_SerialStrDescriptor
                         0x800'67cd   0x2c  Code  Gb  usbd_desc.o [1]
USBD_GetString           0x800'3ec1   0x44  Code  Gb  usbd_ctlreq.o [1]
USBD_Get_USB_Status      0x800'2757   0x14  Code  Lc  usbd_conf.o [1]
USBD_Init                0x800'32c9   0x2e  Code  Gb  usbd_core.o [1]
USBD_LL_ClearStallEP     0x800'26d3   0x12  Code  Gb  usbd_conf.o [1]
USBD_LL_CloseEP          0x800'26af   0x12  Code  Gb  usbd_conf.o [1]
USBD_LL_DataInStage      0x800'3419   0xbe  Code  Gb  usbd_core.o [1]
USBD_LL_DataOutStage     0x800'3395   0x84  Code  Gb  usbd_core.o [1]
USBD_LL_Init             0x800'261d   0x68  Code  Gb  usbd_conf.o [1]
USBD_LL_IsStallEP        0x800'26e5   0x20  Code  Gb  usbd_conf.o [1]
USBD_LL_OpenEP           0x800'2697   0x18  Code  Gb  usbd_conf.o [1]
USBD_LL_PrepareReceive   0x800'2729   0x12  Code  Gb  usbd_conf.o [1]
USBD_LL_Reset            0x800'34d7   0x52  Code  Gb  usbd_core.o [1]
USBD_LL_Resume           0x800'3541   0x14  Code  Gb  usbd_core.o [1]
USBD_LL_SOF              0x800'3555   0x1c  Code  Gb  usbd_core.o [1]
USBD_LL_SetSpeed         0x800'3529    0x6  Code  Gb  usbd_core.o [1]
USBD_LL_SetUSBAddress    0x800'2705   0x12  Code  Gb  usbd_conf.o [1]
USBD_LL_SetupStage       0x800'333b   0x5a  Code  Gb  usbd_core.o [1]
USBD_LL_StallEP          0x800'26c1   0x12  Code  Gb  usbd_conf.o [1]
USBD_LL_Start            0x800'2685   0x12  Code  Gb  usbd_conf.o [1]
USBD_LL_Suspend          0x800'352f   0x12  Code  Gb  usbd_core.o [1]
USBD_LL_Transmit         0x800'2717   0x12  Code  Gb  usbd_conf.o [1]
USBD_LangIDDesc         0x2000'0348    0x4  Data  Gb  usbd_desc.o [1]
USBD_ParseSetupRequest   0x800'3e85   0x28  Code  Gb  usbd_ctlreq.o [1]
USBD_RegisterClass       0x800'32f7   0x14  Code  Gb  usbd_core.o [1]
USBD_SetClassConfig      0x800'3315   0x1c  Code  Gb  usbd_core.o [1]
USBD_SetConfig::cfgidx  0x2000'1104    0x1  Data  Lc  usbd_ctlreq.o [1]
USBD_Start               0x800'330b    0xa  Code  Gb  usbd_core.o [1]
USBD_StdDevReq           0x800'3a5d  0x282  Code  Gb  usbd_ctlreq.o [1]
USBD_StdEPReq            0x800'3d39  0x14c  Code  Gb  usbd_ctlreq.o [1]
USBD_StdItfReq           0x800'3ce5   0x54  Code  Gb  usbd_ctlreq.o [1]
USBD_StrDesc            0x2000'0ca4  0x200  Data  Gb  usbd_desc.o [1]
USBD_StringSerial       0x2000'034c   0x1c  Data  Gb  usbd_desc.o [1]
USBD_static_free         0x800'2755    0x2  Code  Gb  usbd_conf.o [1]
USBD_static_malloc       0x800'273b    0x4  Code  Gb  usbd_conf.o [1]
USBD_static_malloc::mem
                        0x2000'0f24   0x58  Data  Lc  usbd_conf.o [1]
USB_ActivateEndpoint     0x800'27a1  0x276  Code  Gb  stm32f0xx_ll_usb.o [1]
USB_DeactivateEndpoint   0x800'2a35  0x12c  Code  Gb  stm32f0xx_ll_usb.o [1]
USB_DevConnect           0x800'3147    0xe  Code  Gb  stm32f0xx_ll_usb.o [1]
USB_DevInit              0x800'278b   0x16  Code  Gb  stm32f0xx_ll_usb.o [1]
USB_DisableGlobalInt     0x800'277b   0x10  Code  Gb  stm32f0xx_ll_usb.o [1]
USB_EPClearStall         0x800'30cd   0x66  Code  Gb  stm32f0xx_ll_usb.o [1]
USB_EPSetStall           0x800'309d   0x2a  Code  Gb  stm32f0xx_ll_usb.o [1]
USB_EPStartXfer          0x800'2b89  0x50a  Code  Gb  stm32f0xx_ll_usb.o [1]
USB_EnableGlobalInt      0x800'276d    0xe  Code  Gb  stm32f0xx_ll_usb.o [1]
USB_IRQHandler           0x800'6f85    0xa  Code  Gb  stm32f0xx_it.o [1]
USB_ReadInterrupts       0x800'3155    0x6  Code  Gb  stm32f0xx_ll_usb.o [1]
USB_ReadPMA              0x800'31ad   0x28  Code  Gb  stm32f0xx_ll_usb.o [1]
USB_SetDevAddress        0x800'3139    0xe  Code  Gb  stm32f0xx_ll_usb.o [1]
USB_WritePMA             0x800'3189   0x24  Code  Gb  stm32f0xx_ll_usb.o [1]
_Close_all               0x800'6f35   0x38  Code  Gb  xcloseall.o [2]
_Files                  0x2000'0478   0x20  Data  Gb  xfiles.o [2]
_Fofree                  0x800'6ca5   0xa0  Code  Gb  xfofind.o [2]
_Fspos                   0x800'68a1   0xe0  Code  Gb  xfspos.o [2]
_Fwprep                  0x800'6bc1   0xc0  Code  Gb  xfwprep.o [2]
_LitobFullNoMb           0x800'0f51  0x120  Code  Lc  xprintffull_nomb.o [2]
_Locale_lconv           0x2000'0368   0x38  Data  Lc  xlocale_c.o [2]
_Nnl                     0x800'6a35    0xc  Code  Gb  xfgpos.o [2]
_PrintfFullNoMb          0x800'00c1  0xe90  Code  Gb  xprintffull_nomb.o [2]
_Prout                   0x800'7075   0x16  Code  Gb  xprout.o [2]
_PutcharFullNoMb         0x800'10bd   0x22  Code  Lc  xprintffull_nomb.o [2]
_PutcharsFullNoMb        0x800'10df   0x36  Code  Lc  xprintffull_nomb.o [2]
__ICFEDIT_region_RAM_end__ {Abs}
                        0x2000'3fff         Data  Gb  <internal module>
__ICFEDIT_region_RAM_start__ {Abs}
                        0x2000'0000         Data  Gb  <internal module>
__NVIC_SetPriority       0x800'323d   0x3a  Code  Lc  stm32f0xx_hal_cortex.o [1]
__aeabi_cdcmple          0x800'1263         Code  Gb  DblCmpLe.o [3]
__aeabi_cdrcmple         0x800'1295         Code  Gb  DblCmpGe.o [3]
__aeabi_d2iz             0x800'12c9         Code  Gb  DblToI32.o [3]
__aeabi_d2uiz            0x800'12ed         Code  Gb  DblToI32.o [3]
__aeabi_ddiv             0x800'1557         Code  Gb  DblDiv.o [3]
__aeabi_dmul             0x800'1619         Code  Gb  DblMul.o [3]
__aeabi_dsub             0x800'140b         Code  Gb  DblAddSub.o [3]
__aeabi_i2d              0x800'133d         Code  Gb  IxxToDbl.o [3]
__aeabi_idiv0            0x800'181d         Code  Gb  IntDivZer.o [4]
__aeabi_ldiv0            0x800'1821         Code  Gb  I64DivZer.o [4]
__aeabi_memcpy           0x800'1249         Code  Gb  ABImemcpy.o [4]
__aeabi_memcpy4          0x800'1215         Code  Gb  ABImemcpy.o [4]
__aeabi_memcpy8          0x800'1215         Code  Gb  ABImemcpy.o [4]
__aeabi_ui2d             0x800'131d         Code  Gb  IxxToDbl.o [3]
__aeabi_uldivmod         0x800'17a9         Code  Gb  I64DivMod.o [4]
__basic_free             0x800'66ed   0x16  Code  Gb  heap0.o [2]
__basic_free_intern      0x800'6703   0x76  Code  Lc  heap0.o [2]
__basic_malloc           0x800'663d   0x18  Code  Gb  heap0.o [2]
__basic_malloc_intern    0x800'6655   0x98  Code  Lc  heap0.o [2]
__cexit_closeall         0x800'704b         Code  Gb  cexit.o [4]
__close                  0x800'6dd5   0x18  Code  Gb  close.o [5]
__cmain                  0x800'701d         Code  Gb  cmain.o [4]
__cstart_closeall        0x800'70f0         Data  Gb  cstart_closeall.o [4]
__data_GetMemChunk       0x800'677d   0x2c  Code  Gb  xgetmemchunk.o [2]
__data_GetMemChunk::start
                        0x2000'10fc    0x4  Data  Lc  xgetmemchunk.o [2]
__dwrite                 0x800'6b61   0x1e  Code  Gb  dwrite.o [5]
__exit                   0x800'1825   0x14  Code  Gb  exit.o [5]
__iar_Fail_s             0x800'11a5   0x22  Code  Gb  xfail_s.o [2]
__iar_Memchr             0x800'11fd         Code  Gb  memchr.o [4]
__iar_Memcpy             0x800'1255         Code  Gb  ABImemcpy.o [4]
__iar_Stderr            0x2000'0430   0x48  Data  Gb  xfiles.o [2]
__iar_Stdin             0x2000'03a0   0x48  Data  Gb  xfiles.o [2]
__iar_Stdout            0x2000'03e8   0x48  Data  Gb  xfiles.o [2]
__iar_Strchr             0x800'1115         Code  Gb  strchr.o [4]
__iar_close_ttio         0x800'1839   0x2c  Code  Gb  iarttio.o [5]
__iar_d2uiz              0x800'12f1         Code  Gb  DblToI32.o [3]
__iar_data_init3         0x800'6fb1   0x28  Code  Gb  data_init.o [4]
__iar_get_ttio           0x800'1865   0x4c  Code  Gb  iarttio.o [5]
__iar_lookup_ttioh       0x800'18b5    0x8  Code  Gb  XShttio.o [2]
__iar_lz77_init_single3
                         0x800'1127   0x7e  Code  Gb  lz77_init_single.o [4]
__iar_program_start      0x800'7059         Code  Gb  cstartup_M.o [4]
__iar_sh_Discard         0x800'6a9d   0x3e  Code  Gb  XShHandles.o [2]
__iar_sh_Move            0x800'6adb   0x44  Code  Gb  XShHandles.o [2]
__iar_sh_Pos             0x800'6b1f   0x3c  Code  Gb  XShHandles.o [2]
__iar_sh_stdout          0x800'6b7f   0x20  Code  Gb  iarwstd.o [5]
__iar_sh_write           0x800'6b9f   0x22  Code  Gb  iarwrite.o [5]
__iar_small_Memset4_word
                         0x800'3fdd         Code  Gb  ABImemset_small.o [4]
__iar_small_Memset_word
                         0x800'3fdd         Code  Gb  ABImemset_small.o [4]
__iar_small_idiv         0x800'14f9         Code  Gb  I32DivMod.o [4]
__iar_small_idivmod      0x800'14f9         Code  Gb  I32DivMod.o [4]
__iar_small_memclr       0x800'3fd9         Code  Gb  ABImemset_small.o [4]
__iar_small_memclr4      0x800'3fd9         Code  Gb  ABImemset_small.o [4]
__iar_small_memclr8      0x800'3fd9         Code  Gb  ABImemset_small.o [4]
__iar_small_memset       0x800'3fdd         Code  Gb  ABImemset_small.o [4]
__iar_small_memset4      0x800'3fdd         Code  Gb  ABImemset_small.o [4]
__iar_small_memset8      0x800'3fdd         Code  Gb  ABImemset_small.o [4]
__iar_small_uidiv        0x800'1521         Code  Gb  I32DivMod.o [4]
__iar_small_uidivmod     0x800'1521         Code  Gb  I32DivMod.o [4]
__iar_ttio_handles      0x2000'0498    0x8  Data  Lc  XShttio.o [2]
__iar_zero_init3         0x800'6ebf   0x3c  Code  Gb  zero_init3.o [4]
__low_level_init         0x800'703b    0x4  Code  Gb  low_level_init.o [2]
__lseek                  0x800'6a41   0x4a  Code  Gb  lseek.o [5]
__vector_table           0x800'0000         Data  Gb  startup_stm32f070xb.o [1]
__write                  0x800'6a8b   0x10  Code  Gb  write.o [5]
_call_main               0x800'7029         Code  Gb  cmain.o [4]
_exit                    0x800'7049         Code  Gb  cexit.o [4]
_main                    0x800'7033         Code  Gb  cmain.o [4]
abm_tab                 0x2000'01c0   0x40  Data  Gb  IS31FL3218.o [1]
abort                    0x800'1813    0xa  Code  Gb  abort.o [2]
adcValue                0x2000'0c9c    0x8  Data  Gb  main.o [1]
btns                    0x2000'0054  0x16c  Data  Lc  elinkswitch_gpio.o [1]
channelSelect           0x2000'1102    0x1  Data  Gb  main.o [1]
ebuf                    0x2000'0f7c   0x50  Data  Lc  xfiles.o [2]
edidStatus              0x2000'1103    0x1  Data  Gb  main.o [1]
elinkswitch_1ms_elapsed
                         0x800'50bd    0x2  Code  Gb  elinkswitch.o [1]
elinkswitch_current_state
                        0x2000'10a8    0x1  Data  Gb  elinkswitch.o [1]
elinkswitch_init         0x800'5043   0x22  Code  Gb  elinkswitch.o [1]
elinkswitch_receive_button_event
                        0x2000'001c    0x4  Data  Gb  elinkswitch_gpio.o [1]
elinkswitch_state_change_event_array
                        0x2000'10b8   0x14  Data  Gb  elinkswitch.o [1]
elinkswitch_state_change_event_listener
                        0x2000'10a0    0x8  Data  Gb  elinkswitch.o [1]
elinkswitch_state_change_event_listener_register
                         0x800'5065   0x1e  Code  Gb  elinkswitch.o [1]
elinkswitch_state_changed
                        0x2000'10a9    0x1  Data  Gb  elinkswitch.o [1]
elinkswitch_task         0x800'5083   0x28  Code  Gb  elinkswitch.o [1]
elinkswitch_usb_trigger
                        0x2000'10ac    0xc  Data  Gb  elinkswitch.o [1]
elsgpio_1ms_elapsed      0x800'52ad   0x3a  Code  Gb  elinkswitch_gpio.o [1]
elsgpio_1ms_elapsed::counter
                        0x2000'0014    0x2  Data  Lc  elinkswitch_gpio.o [1]
elsgpio_1ms_elapsed::minutes
                        0x2000'0001    0x1  Data  Lc  elinkswitch_gpio.o [1]
elsgpio_1ms_elapsed::seconds
                        0x2000'0000    0x1  Data  Lc  elinkswitch_gpio.o [1]
elsgpio_init             0x800'5271   0x2e  Code  Gb  elinkswitch_gpio.o [1]
elsgpio_lwbtn           0x2000'0004   0x10  Data  Gb  elinkswitch_gpio.o [1]
elsgpio_task             0x800'529f    0xe  Code  Gb  elinkswitch_gpio.o [1]
exit                     0x800'703f    0x8  Code  Gb  exit.o [2]
fclose                   0x800'6d55   0x80  Code  Gb  fclose.o [2]
fflush                   0x800'69f5   0x38  Code  Gb  fflush.o [2]
fflushOne                0x800'6981   0x74  Code  Lc  fflush.o [2]
flag_rx                 0x2000'1101    0x1  Data  Gb  main.o [1]
fputc                    0x800'6e6b   0x54  Code  Gb  fputc.o [2]
free                     0x800'6d4d    0x8  Code  Gb  heaptramp0.o [2]
fseek                    0x800'6c81   0x24  Code  Gb  fseek.o [2]
hUsbDeviceFS            0x2000'0798  0x2c4  Data  Gb  usb_device.o [1]
hadc                    0x2000'0a5c   0x40  Data  Gb  main.o [1]
hdma_adc                0x2000'101c   0x44  Data  Gb  main.o [1]
hi2c1                   0x2000'0be8   0x4c  Data  Gb  main.o [1]
hi2c2                   0x2000'0c34   0x4c  Data  Gb  main.o [1]
hpcd_USB_FS             0x2000'04a4  0x2f4  Data  Gb  usbd_conf.o [1]
hspi1                   0x2000'0a9c   0x64  Data  Gb  main.o [1]
hspi2                   0x2000'0b00   0x64  Data  Gb  main.o [1]
huart1                  0x2000'0b64   0x84  Data  Gb  main.o [1]
init_IS31FL3218          0x800'54b1   0xce  Code  Gb  IS31FL3218.o [1]
keys                     0x800'70b0   0x10  Data  Gb  elinkswitch_gpio.o [1]
lastChannelSelect       0x2000'1100    0x1  Data  Gb  IS31FL3218.o [1]
lastTimeReadADC         0x2000'0c90    0x4  Data  Gb  main.o [1]
lastTimeScanLed         0x2000'10e4    0x4  Data  Gb  IS31FL3218.o [1]
last_time_keys          0x2000'0020   0x34  Data  Gb  elinkswitch_gpio.o [1]
lastedidStatus          0x2000'04a0    0x1  Data  Gb  IS31FL3218.o [1]
lastusbStatus           0x2000'10ec    0x4  Data  Gb  IS31FL3218.o [1]
lastvgaStatus           0x2000'10e8    0x4  Data  Gb  IS31FL3218.o [1]
lc_elinkswitch_state_switch_back_to_inited
                         0x800'502b    0x8  Code  Lc  elinkswitch.o [1]
lc_elinkswitch_state_switch_to_authorized
                         0x800'501d    0x4  Code  Lc  elinkswitch.o [1]
lc_elinkswitch_state_switch_to_receive_usb_command
                         0x800'5033   0x10  Code  Lc  elinkswitch.o [1]
lc_elsgpio_elinkswitch_state_change_event
                         0x800'5265    0xc  Code  Gb  elinkswitch_gpio.o [1]
led_task                 0x800'5729   0x2a  Code  Gb  IS31FL3218.o [1]
localeconv               0x800'179d    0x4  Code  Gb  xlocale_c.o [2]
lwbtn_default           0x2000'10cc   0x10  Data  Lc  lwbtn.o [1]
lwbtn_init_ex            0x800'65bd   0x36  Code  Gb  lwbtn.o [1]
lwbtn_process_ex         0x800'65f3   0x2c  Code  Gb  lwbtn.o [1]
main                     0x800'3579  0x3ce  Code  Gb  main.o [1]
memchr                   0x800'11fd         Code  Gb  memchr.o [4]
memset                   0x800'6629   0x14  Code  Gb  memset.o [4]
obuf                    0x2000'0fcc   0x50  Data  Lc  xfiles.o [2]
printf                   0x800'4ff5   0x28  Code  Gb  printf.o [2]
prv_btn_event            0x800'516d   0xf8  Code  Gb  elinkswitch_gpio.o [1]
prv_btn_get_state        0x800'50d1   0x9a  Code  Gb  elinkswitch_gpio.o [1]
prv_process_btn          0x800'64d9   0xe4  Code  Gb  lwbtn.o [1]
putchar                  0x800'708d   0x10  Code  Gb  putchar.o [2]
remove                   0x800'6ded   0x14  Code  Gb  remove.o [5]
report_buffer           0x2000'1060   0x40  Data  Gb  main.o [1]
sFileInfo               0x2000'0ea4   0x80  Data  Lc  XShHandles.o [2]
scale                    0x800'1071   0x44  Code  Lc  xprintffull_nomb.o [2]
sec_hand                0x2000'10f8    0x4  Data  Lc  xfail_s.o [2]
set_led                  0x800'557f   0x5e  Code  Gb  IS31FL3218.o [1]
stick                   0x2000'0018    0x4  Data  Lc  elinkswitch_gpio.o [1]
strchr                   0x800'1115         Code  Gb  strchr.o [4]
strlen                   0x800'11ed         Code  Gb  strlen.o [4]
test_LED                 0x800'55dd   0x66  Code  Gb  IS31FL3218.o [1]
update_led_button        0x800'5643   0x5a  Code  Gb  IS31FL3218.o [1]
update_led_edid          0x800'56f5   0x34  Code  Gb  IS31FL3218.o [1]
update_led_usb           0x800'569d   0x2c  Code  Gb  IS31FL3218.o [1]
update_led_vga           0x800'56c9   0x2c  Code  Gb  IS31FL3218.o [1]
usbStatus               0x2000'10f4    0x4  Data  Gb  main.o [1]
uwTick                  0x2000'0204    0x4  Data  Gb  stm32f0xx_hal.o [1]
uwTickFreq              0x2000'0200    0x1  Data  Gb  stm32f0xx_hal.o [1]
uwTickPrio              0x2000'0208    0x4  Data  Gb  stm32f0xx_hal.o [1]
vgaStatus               0x2000'10f0    0x4  Data  Gb  main.o [1]


[1] = C:\Users\User\Documents\STM32_Projects\stm32f070cb_elinkgate\EWARM\STM32F070CB-ELINKGATE\Obj
[2] = dl6M_tlf.a
[3] = m6M_tl.a
[4] = rt6M_tl.a
[5] = shb_l.a

  28'711 bytes of readonly  code memory
     636 bytes of readonly  data memory
   5'890 bytes of readwrite data memory

Errors: none
Warnings: none
