../Drivers/STM32F0xx_HAL_Driver/Src/stm32f0xx_hal_smbus.c:289:19:HAL_SMBUS_Init	16	static
../Drivers/STM32F0xx_HAL_Driver/Src/stm32f0xx_hal_smbus.c:414:19:HAL_SMBUS_DeInit	16	static
../Drivers/STM32F0xx_HAL_Driver/Src/stm32f0xx_hal_smbus.c:459:13:HAL_SMBUS_MspInit	16	static
../Drivers/STM32F0xx_HAL_Driver/Src/stm32f0xx_hal_smbus.c:475:13:HAL_SMBUS_MspDeInit	16	static
../Drivers/STM32F0xx_HAL_Driver/Src/stm32f0xx_hal_smbus.c:494:19:HAL_SMBUS_ConfigAnalogFilter	16	static
../Drivers/STM32F0xx_HAL_Driver/Src/stm32f0xx_hal_smbus.c:538:19:HAL_SMBUS_ConfigDigitalFilter	24	static
../Drivers/STM32F0xx_HAL_Driver/Src/stm32f0xx_hal_smbus.c:925:19:HAL_SMBUS_Master_Transmit_IT	48	static
../Drivers/STM32F0xx_HAL_Driver/Src/stm32f0xx_hal_smbus.c:1031:19:HAL_SMBUS_Master_Receive_IT	48	static
../Drivers/STM32F0xx_HAL_Driver/Src/stm32f0xx_hal_smbus.c:1128:19:HAL_SMBUS_Master_Abort_IT	24	static
../Drivers/STM32F0xx_HAL_Driver/Src/stm32f0xx_hal_smbus.c:1193:19:HAL_SMBUS_Slave_Transmit_IT	32	static
../Drivers/STM32F0xx_HAL_Driver/Src/stm32f0xx_hal_smbus.c:1291:19:HAL_SMBUS_Slave_Receive_IT	32	static
../Drivers/STM32F0xx_HAL_Driver/Src/stm32f0xx_hal_smbus.c:1371:19:HAL_SMBUS_EnableListen_IT	16	static
../Drivers/STM32F0xx_HAL_Driver/Src/stm32f0xx_hal_smbus.c:1387:19:HAL_SMBUS_DisableListen_IT	16	static
../Drivers/STM32F0xx_HAL_Driver/Src/stm32f0xx_hal_smbus.c:1411:19:HAL_SMBUS_EnableAlert_IT	16	static
../Drivers/STM32F0xx_HAL_Driver/Src/stm32f0xx_hal_smbus.c:1430:19:HAL_SMBUS_DisableAlert_IT	16	static
../Drivers/STM32F0xx_HAL_Driver/Src/stm32f0xx_hal_smbus.c:1451:19:HAL_SMBUS_IsDeviceReady	40	static
../Drivers/STM32F0xx_HAL_Driver/Src/stm32f0xx_hal_smbus.c:1592:6:HAL_SMBUS_EV_IRQHandler	24	static
../Drivers/STM32F0xx_HAL_Driver/Src/stm32f0xx_hal_smbus.c:1670:6:HAL_SMBUS_ER_IRQHandler	16	static
../Drivers/STM32F0xx_HAL_Driver/Src/stm32f0xx_hal_smbus.c:1681:13:HAL_SMBUS_MasterTxCpltCallback	16	static
../Drivers/STM32F0xx_HAL_Driver/Src/stm32f0xx_hal_smbus.c:1697:13:HAL_SMBUS_MasterRxCpltCallback	16	static
../Drivers/STM32F0xx_HAL_Driver/Src/stm32f0xx_hal_smbus.c:1712:13:HAL_SMBUS_SlaveTxCpltCallback	16	static
../Drivers/STM32F0xx_HAL_Driver/Src/stm32f0xx_hal_smbus.c:1728:13:HAL_SMBUS_SlaveRxCpltCallback	16	static
../Drivers/STM32F0xx_HAL_Driver/Src/stm32f0xx_hal_smbus.c:1746:13:HAL_SMBUS_AddrCallback	16	static
../Drivers/STM32F0xx_HAL_Driver/Src/stm32f0xx_hal_smbus.c:1765:13:HAL_SMBUS_ListenCpltCallback	16	static
../Drivers/STM32F0xx_HAL_Driver/Src/stm32f0xx_hal_smbus.c:1781:13:HAL_SMBUS_ErrorCallback	16	static
../Drivers/STM32F0xx_HAL_Driver/Src/stm32f0xx_hal_smbus.c:1816:10:HAL_SMBUS_GetState	16	static
../Drivers/STM32F0xx_HAL_Driver/Src/stm32f0xx_hal_smbus.c:1828:10:HAL_SMBUS_GetError	16	static
../Drivers/STM32F0xx_HAL_Driver/Src/stm32f0xx_hal_smbus.c:1853:26:SMBUS_Master_ISR	40	static
../Drivers/STM32F0xx_HAL_Driver/Src/stm32f0xx_hal_smbus.c:2143:26:SMBUS_Slave_ISR	40	static
../Drivers/STM32F0xx_HAL_Driver/Src/stm32f0xx_hal_smbus.c:2411:13:SMBUS_Enable_IRQ	24	static
../Drivers/STM32F0xx_HAL_Driver/Src/stm32f0xx_hal_smbus.c:2451:13:SMBUS_Disable_IRQ	24	static
../Drivers/STM32F0xx_HAL_Driver/Src/stm32f0xx_hal_smbus.c:2523:13:SMBUS_ITErrorHandler	32	static
../Drivers/STM32F0xx_HAL_Driver/Src/stm32f0xx_hal_smbus.c:2633:26:SMBUS_WaitOnFlagUntilTimeout	32	static
../Drivers/STM32F0xx_HAL_Driver/Src/stm32f0xx_hal_smbus.c:2668:13:SMBUS_Flush_TXDR	16	static
../Drivers/STM32F0xx_HAL_Driver/Src/stm32f0xx_hal_smbus.c:2704:13:SMBUS_TransferConfig	32	static
../Drivers/STM32F0xx_HAL_Driver/Src/stm32f0xx_hal_smbus.c:2727:13:SMBUS_ConvertOtherXferOptions	16	static
